[
  {
    "__class__": "ReportedError",
    "message": {
      "__class__": "UnexpectedToken",
      "tokenName": "PERIOD",
      "symbolName": "STRUCT_FIELD"
    },
    "range": {
      "__class__": "Pair",
      "first": {
        "__class__": "Location",
        "value": 2
      },
      "second": {
        "__class__": "Location",
        "value": 2
      }
    }
  },
  {
    "__class__": "ReportedError",
    "message": {
      "__class__": "UnexpectedToken",
      "tokenName": "RIGHT_CURLY_BRACE",
      "symbolName": "STRUCT"
    },
    "range": {
      "__class__": "Pair",
      "first": {
        "__class__": "Location",
        "value": 8
      },
      "second": {
        "__class__": "Location",
        "value": 8
      }
    }
  },
  {
    "__class__": "ReportedError",
    "message": {
      "__class__": "ChildrenEmpty",
      "symbolName": "FIELD_ACCESS"
    },
    "range": {
      "__class__": "Pair",
      "first": {
        "__class__": "Location",
        "value": 8
      },
      "second": {
        "__class__": "Location",
        "value": 8
      }
    }
  }
]