{
  "__class__": "LinkedHashMap",
  "(Location(value\u003d49), Location(value\u003d49))": {
    "__class__": "Pair",
    "first": {
      "__class__": "Location",
      "value": 23
    },
    "second": {
      "__class__": "Location",
      "value": 28
    }
  },
  "(Location(value\u003d53), Location(value\u003d53))": {
    "__class__": "Pair",
    "first": {
      "__class__": "Location",
      "value": 31
    },
    "second": {
      "__class__": "Location",
      "value": 36
    }
  },
  "(Location(value\u003d55), Location(value\u003d55))": {
    "__class__": "Pair",
    "first": {
      "__class__": "Location",
      "value": -1
    },
    "second": {
      "__class__": "Location",
      "value": 55
    }
  }
}