{
  "__class__": "LinkedHashMap",
  "(Location(value\u003d9), Location(value\u003d14))": {
    "__class__": "IntegerType",
    "name": "Int"
  },
  "(Location(value\u003d17), Location(value\u003d23))": {
    "__class__": "BooleanType",
    "name": "Bool"
  },
  "(Location(value\u003d37), Location(value\u003d37))": {
    "__class__": "UnitType",
    "name": "Unit"
  },
  "(Location(value\u003d0), Location(value\u003d37))": {
    "__class__": "UnitType",
    "name": "Unit"
  },
  "(Location(value\u003d0), Location(value\u003d38))": {
    "__class__": "UnitType",
    "name": "Unit"
  }
}