{
  "__class__": "ExampleResult",
  "diagnostics": {
    "__class__": "TestDiagnostics",
    "errors": [
      {
        "__class__": "ParserError",
        "message": {
          "__class__": "UnexpectedToken",
          "tokenName": "KEYWORD_RETURN",
          "symbolName": "BLOCK"
        }
      }
    ]
  },
  "exceptionMessage": "java.util.NoSuchElementException: List is empty."
}