{
  "__class__": "LinkedHashMap",
  "(Location(value\u003d20), Location(value\u003d20))": {
    "__class__": "IntegerType",
    "name": "Int"
  },
  "(Location(value\u003d24), Location(value\u003d24))": {
    "__class__": "IntegerType",
    "name": "Int"
  },
  "(Location(value\u003d20), Location(value\u003d24))": {
    "__class__": "IntegerType",
    "name": "Int"
  },
  "(Location(value\u003d27), Location(value\u003d27))": {
    "__class__": "IntegerType",
    "name": "Int"
  },
  "(Location(value\u003d31), Location(value\u003d31))": {
    "__class__": "IntegerType",
    "name": "Int"
  },
  "(Location(value\u003d27), Location(value\u003d31))": {
    "__class__": "IntegerType",
    "name": "Int"
  },
  "(Location(value\u003d34), Location(value\u003d34))": {
    "__class__": "IntegerType",
    "name": "Int"
  },
  "(Location(value\u003d38), Location(value\u003d38))": {
    "__class__": "IntegerType",
    "name": "Int"
  },
  "(Location(value\u003d34), Location(value\u003d38))": {
    "__class__": "IntegerType",
    "name": "Int"
  },
  "(Location(value\u003d41), Location(value\u003d41))": {
    "__class__": "IntegerType",
    "name": "Int"
  },
  "(Location(value\u003d45), Location(value\u003d45))": {
    "__class__": "IntegerType",
    "name": "Int"
  },
  "(Location(value\u003d41), Location(value\u003d45))": {
    "__class__": "IntegerType",
    "name": "Int"
  },
  "(Location(value\u003d48), Location(value\u003d48))": {
    "__class__": "IntegerType",
    "name": "Int"
  },
  "(Location(value\u003d52), Location(value\u003d52))": {
    "__class__": "IntegerType",
    "name": "Int"
  },
  "(Location(value\u003d48), Location(value\u003d52))": {
    "__class__": "BooleanType",
    "name": "Bool"
  },
  "(Location(value\u003d55), Location(value\u003d55))": {
    "__class__": "IntegerType",
    "name": "Int"
  },
  "(Location(value\u003d59), Location(value\u003d59))": {
    "__class__": "IntegerType",
    "name": "Int"
  },
  "(Location(value\u003d55), Location(value\u003d59))": {
    "__class__": "BooleanType",
    "name": "Bool"
  },
  "(Location(value\u003d62), Location(value\u003d62))": {
    "__class__": "IntegerType",
    "name": "Int"
  },
  "(Location(value\u003d67), Location(value\u003d67))": {
    "__class__": "IntegerType",
    "name": "Int"
  },
  "(Location(value\u003d62), Location(value\u003d67))": {
    "__class__": "BooleanType",
    "name": "Bool"
  },
  "(Location(value\u003d91), Location(value\u003d95))": {
    "__class__": "BooleanType",
    "name": "Bool"
  },
  "(Location(value\u003d100), Location(value\u003d103))": {
    "__class__": "BooleanType",
    "name": "Bool"
  },
  "(Location(value\u003d91), Location(value\u003d103))": {
    "__class__": "BooleanType",
    "name": "Bool"
  },
  "(Location(value\u003d106), Location(value\u003d109))": {
    "__class__": "BooleanType",
    "name": "Bool"
  },
  "(Location(value\u003d114), Location(value\u003d118))": {
    "__class__": "BooleanType",
    "name": "Bool"
  },
  "(Location(value\u003d106), Location(value\u003d118))": {
    "__class__": "BooleanType",
    "name": "Bool"
  },
  "(Location(value\u003d144), Location(value\u003d144))": {
    "__class__": "IntegerType",
    "name": "Int"
  },
  "(Location(value\u003d148), Location(value\u003d148))": {
    "__class__": "IntegerType",
    "name": "Int"
  },
  "(Location(value\u003d144), Location(value\u003d148))": {
    "__class__": "IntegerType",
    "name": "Int"
  },
  "(Location(value\u003d143), Location(value\u003d149))": {
    "__class__": "IntegerType",
    "name": "Int"
  },
  "(Location(value\u003d155), Location(value\u003d155))": {
    "__class__": "IntegerType",
    "name": "Int"
  },
  "(Location(value\u003d159), Location(value\u003d159))": {
    "__class__": "IntegerType",
    "name": "Int"
  },
  "(Location(value\u003d155), Location(value\u003d159))": {
    "__class__": "IntegerType",
    "name": "Int"
  },
  "(Location(value\u003d154), Location(value\u003d160))": {
    "__class__": "IntegerType",
    "name": "Int"
  },
  "(Location(value\u003d143), Location(value\u003d160))": {
    "__class__": "BooleanType",
    "name": "Bool"
  },
  "(Location(value\u003d142), Location(value\u003d161))": {
    "__class__": "BooleanType",
    "name": "Bool"
  },
  "(Location(value\u003d168), Location(value\u003d168))": {
    "__class__": "IntegerType",
    "name": "Int"
  },
  "(Location(value\u003d172), Location(value\u003d172))": {
    "__class__": "IntegerType",
    "name": "Int"
  },
  "(Location(value\u003d168), Location(value\u003d172))": {
    "__class__": "IntegerType",
    "name": "Int"
  },
  "(Location(value\u003d167), Location(value\u003d173))": {
    "__class__": "IntegerType",
    "name": "Int"
  },
  "(Location(value\u003d178), Location(value\u003d178))": {
    "__class__": "IntegerType",
    "name": "Int"
  },
  "(Location(value\u003d182), Location(value\u003d182))": {
    "__class__": "IntegerType",
    "name": "Int"
  },
  "(Location(value\u003d178), Location(value\u003d182))": {
    "__class__": "IntegerType",
    "name": "Int"
  },
  "(Location(value\u003d177), Location(value\u003d183))": {
    "__class__": "IntegerType",
    "name": "Int"
  },
  "(Location(value\u003d167), Location(value\u003d183))": {
    "__class__": "BooleanType",
    "name": "Bool"
  },
  "(Location(value\u003d166), Location(value\u003d184))": {
    "__class__": "BooleanType",
    "name": "Bool"
  },
  "(Location(value\u003d142), Location(value\u003d184))": {
    "__class__": "BooleanType",
    "name": "Bool"
  },
  "(Location(value\u003d190), Location(value\u003d190))": {
    "__class__": "IntegerType",
    "name": "Int"
  },
  "(Location(value\u003d194), Location(value\u003d194))": {
    "__class__": "IntegerType",
    "name": "Int"
  },
  "(Location(value\u003d190), Location(value\u003d194))": {
    "__class__": "BooleanType",
    "name": "Bool"
  },
  "(Location(value\u003d189), Location(value\u003d195))": {
    "__class__": "BooleanType",
    "name": "Bool"
  },
  "(Location(value\u003d142), Location(value\u003d195))": {
    "__class__": "BooleanType",
    "name": "Bool"
  },
  "(Location(value\u003d270), Location(value\u003d270))": {
    "__class__": "IntegerType",
    "name": "Int"
  },
  "(Location(value\u003d274), Location(value\u003d274))": {
    "__class__": "IntegerType",
    "name": "Int"
  },
  "(Location(value\u003d270), Location(value\u003d274))": {
    "__class__": "IntegerType",
    "name": "Int"
  },
  "(Location(value\u003d269), Location(value\u003d275))": {
    "__class__": "IntegerType",
    "name": "Int"
  },
  "(Location(value\u003d279), Location(value\u003d279))": {
    "__class__": "IntegerType",
    "name": "Int"
  },
  "(Location(value\u003d269), Location(value\u003d279))": {
    "__class__": "IntegerType",
    "name": "Int"
  },
  "(Location(value\u003d256), Location(value\u003d279))": {
    "__class__": "UnitType",
    "name": "Unit"
  },
  "(Location(value\u003d297), Location(value\u003d297))": {
    "__class__": "IntegerType",
    "name": "Int"
  },
  "(Location(value\u003d301), Location(value\u003d301))": {
    "__class__": "IntegerType",
    "name": "Int"
  },
  "(Location(value\u003d297), Location(value\u003d301))": {
    "__class__": "BooleanType",
    "name": "Bool"
  },
  "(Location(value\u003d296), Location(value\u003d302))": {
    "__class__": "BooleanType",
    "name": "Bool"
  },
  "(Location(value\u003d308), Location(value\u003d308))": {
    "__class__": "IntegerType",
    "name": "Int"
  },
  "(Location(value\u003d312), Location(value\u003d312))": {
    "__class__": "IntegerType",
    "name": "Int"
  },
  "(Location(value\u003d308), Location(value\u003d312))": {
    "__class__": "BooleanType",
    "name": "Bool"
  },
  "(Location(value\u003d307), Location(value\u003d313))": {
    "__class__": "BooleanType",
    "name": "Bool"
  },
  "(Location(value\u003d296), Location(value\u003d313))": {
    "__class__": "BooleanType",
    "name": "Bool"
  },
  "(Location(value\u003d282), Location(value\u003d313))": {
    "__class__": "UnitType",
    "name": "Unit"
  },
  "(Location(value\u003d374), Location(value\u003d374))": {
    "__class__": "IntegerType",
    "name": "Int"
  },
  "(Location(value\u003d361), Location(value\u003d374))": {
    "__class__": "UnitType",
    "name": "Unit"
  },
  "(Location(value\u003d390), Location(value\u003d390))": {
    "__class__": "IntegerType",
    "name": "Int"
  },
  "(Location(value\u003d377), Location(value\u003d390))": {
    "__class__": "UnitType",
    "name": "Unit"
  },
  "(Location(value\u003d406), Location(value\u003d406))": {
    "__class__": "IntegerType",
    "name": "Int"
  },
  "(Location(value\u003d393), Location(value\u003d406))": {
    "__class__": "UnitType",
    "name": "Unit"
  },
  "(Location(value\u003d423), Location(value\u003d423))": {
    "__class__": "IntegerType",
    "name": "Int"
  },
  "(Location(value\u003d427), Location(value\u003d427))": {
    "__class__": "IntegerType",
    "name": "Int"
  },
  "(Location(value\u003d423), Location(value\u003d427))": {
    "__class__": "IntegerType",
    "name": "Int"
  },
  "(Location(value\u003d422), Location(value\u003d428))": {
    "__class__": "IntegerType",
    "name": "Int"
  },
  "(Location(value\u003d432), Location(value\u003d432))": {
    "__class__": "UnitType",
    "name": "Unit"
  },
  "(Location(value\u003d422), Location(value\u003d432))": {
    "__class__": "IntegerType",
    "name": "Int"
  },
  "(Location(value\u003d409), Location(value\u003d432))": {
    "__class__": "UnitType",
    "name": "Unit"
  },
  "(Location(value\u003d20), Location(value\u003d433))": {
    "__class__": "UnitType",
    "name": "Unit"
  }
}