{
  "__class__": "LinkedHashMap",
  "(Location(value\u003d0), Location(value\u003d3))": {
    "__class__": "BooleanType",
    "name": "Bool"
  },
  "(Location(value\u003d6), Location(value\u003d10))": {
    "__class__": "BooleanType",
    "name": "Bool"
  },
  "(Location(value\u003d14), Location(value\u003d18))": {
    "__class__": "BooleanType",
    "name": "Bool"
  },
  "(Location(value\u003d21), Location(value\u003d25))": {
    "__class__": "BooleanType",
    "name": "Bool"
  },
  "(Location(value\u003d13), Location(value\u003d26))": {
    "__class__": "BooleanType",
    "name": "Bool"
  },
  "(Location(value\u003d29), Location(value\u003d32))": {
    "__class__": "BooleanType",
    "name": "Bool"
  },
  "(Location(value\u003d34), Location(value\u003d34))": {
    "__class__": "UnitType",
    "name": "Unit"
  },
  "(Location(value\u003d37), Location(value\u003d41))": {
    "__class__": "BooleanType",
    "name": "Bool"
  },
  "(Location(value\u003d45), Location(value\u003d49))": {
    "__class__": "BooleanType",
    "name": "Bool"
  },
  "(Location(value\u003d44), Location(value\u003d50))": {
    "__class__": "BooleanType",
    "name": "Bool"
  },
  "(Location(value\u003d54), Location(value\u003d58))": {
    "__class__": "BooleanType",
    "name": "Bool"
  },
  "(Location(value\u003d61), Location(value\u003d64))": {
    "__class__": "BooleanType",
    "name": "Bool"
  },
  "(Location(value\u003d68), Location(value\u003d72))": {
    "__class__": "BooleanType",
    "name": "Bool"
  },
  "(Location(value\u003d75), Location(value\u003d78))": {
    "__class__": "BooleanType",
    "name": "Bool"
  },
  "(Location(value\u003d67), Location(value\u003d79))": {
    "__class__": "BooleanType",
    "name": "Bool"
  },
  "(Location(value\u003d53), Location(value\u003d80))": {
    "__class__": "BooleanType",
    "name": "Bool"
  },
  "(Location(value\u003d36), Location(value\u003d81))": {
    "__class__": "BooleanType",
    "name": "Bool"
  },
  "(Location(value\u003d86), Location(value\u003d86))": {
    "__class__": "UnitType",
    "name": "Unit"
  },
  "(Location(value\u003d86), Location(value\u003d87))": {
    "__class__": "UnitType",
    "name": "Unit"
  },
  "(Location(value\u003d85), Location(value\u003d88))": {
    "__class__": "UnitType",
    "name": "Unit"
  },
  "(Location(value\u003d84), Location(value\u003d89))": {
    "__class__": "UnitType",
    "name": "Unit"
  },
  "(Location(value\u003d0), Location(value\u003d89))": {
    "__class__": "UnitType",
    "name": "Unit"
  },
  "(Location(value\u003d90), Location(value\u003d90))": {
    "__class__": "IntegerType",
    "name": "Int"
  },
  "(Location(value\u003d0), Location(value\u003d90))": {
    "__class__": "VoidType",
    "name": "Void"
  },
  "(Location(value\u003d-1), Location(value\u003d90))": {
    "__class__": "IntegerType",
    "name": "Int"
  }
}