{
  "__class__": "LinkedHashMap",
  "(Location(value\u003d-1), Location(value\u003d90))": {
    "__class__": "AnalyzedFunction",
    "function": {
      "__class__": "FunctionDeclaration",
      "type": {
        "__class__": "Functional",
        "argumentsType": [],
        "returnType": {
          "__class__": "Basic",
          "identifier": "Int",
          "range": {
            "__class__": "Pair",
            "first": {
              "__class__": "Location",
              "value": -1
            },
            "second": {
              "__class__": "Location",
              "value": -1
            }
          }
        },
        "range": {
          "__class__": "Pair",
          "first": {
            "__class__": "Location",
            "value": -1
          },
          "second": {
            "__class__": "Location",
            "value": -1
          }
        }
      },
      "arguments": [],
      "returnType": {
        "__class__": "Basic",
        "identifier": "Int",
        "range": {
          "__class__": "Pair",
          "first": {
            "__class__": "Location",
            "value": -1
          },
          "second": {
            "__class__": "Location",
            "value": -1
          }
        }
      },
      "body": {
        "__class__": "Block",
        "expressions": [
          {
            "__class__": "Block",
            "expressions": [
              {
                "__class__": "BoolLiteral",
                "value": true,
                "range": {
                  "__class__": "Pair",
                  "first": {
                    "__class__": "Location",
                    "value": 0
                  },
                  "second": {
                    "__class__": "Location",
                    "value": 3
                  }
                }
              },
              {
                "__class__": "BoolLiteral",
                "value": false,
                "range": {
                  "__class__": "Pair",
                  "first": {
                    "__class__": "Location",
                    "value": 6
                  },
                  "second": {
                    "__class__": "Location",
                    "value": 10
                  }
                }
              },
              {
                "__class__": "Block",
                "expressions": [
                  {
                    "__class__": "BoolLiteral",
                    "value": false,
                    "range": {
                      "__class__": "Pair",
                      "first": {
                        "__class__": "Location",
                        "value": 14
                      },
                      "second": {
                        "__class__": "Location",
                        "value": 18
                      }
                    }
                  },
                  {
                    "__class__": "BoolLiteral",
                    "value": false,
                    "range": {
                      "__class__": "Pair",
                      "first": {
                        "__class__": "Location",
                        "value": 21
                      },
                      "second": {
                        "__class__": "Location",
                        "value": 25
                      }
                    }
                  }
                ],
                "range": {
                  "__class__": "Pair",
                  "first": {
                    "__class__": "Location",
                    "value": 13
                  },
                  "second": {
                    "__class__": "Location",
                    "value": 26
                  }
                }
              },
              {
                "__class__": "BoolLiteral",
                "value": true,
                "range": {
                  "__class__": "Pair",
                  "first": {
                    "__class__": "Location",
                    "value": 29
                  },
                  "second": {
                    "__class__": "Location",
                    "value": 32
                  }
                }
              },
              {
                "__class__": "Empty",
                "range": {
                  "__class__": "Pair",
                  "first": {
                    "__class__": "Location",
                    "value": 34
                  },
                  "second": {
                    "__class__": "Location",
                    "value": 34
                  }
                }
              },
              {
                "__class__": "Block",
                "expressions": [
                  {
                    "__class__": "BoolLiteral",
                    "value": false,
                    "range": {
                      "__class__": "Pair",
                      "first": {
                        "__class__": "Location",
                        "value": 37
                      },
                      "second": {
                        "__class__": "Location",
                        "value": 41
                      }
                    }
                  },
                  {
                    "__class__": "Block",
                    "expressions": [
                      {
                        "__class__": "BoolLiteral",
                        "value": false,
                        "range": {
                          "__class__": "Pair",
                          "first": {
                            "__class__": "Location",
                            "value": 45
                          },
                          "second": {
                            "__class__": "Location",
                            "value": 49
                          }
                        }
                      }
                    ],
                    "range": {
                      "__class__": "Pair",
                      "first": {
                        "__class__": "Location",
                        "value": 44
                      },
                      "second": {
                        "__class__": "Location",
                        "value": 50
                      }
                    }
                  },
                  {
                    "__class__": "Block",
                    "expressions": [
                      {
                        "__class__": "BoolLiteral",
                        "value": false,
                        "range": {
                          "__class__": "Pair",
                          "first": {
                            "__class__": "Location",
                            "value": 54
                          },
                          "second": {
                            "__class__": "Location",
                            "value": 58
                          }
                        }
                      },
                      {
                        "__class__": "BoolLiteral",
                        "value": true,
                        "range": {
                          "__class__": "Pair",
                          "first": {
                            "__class__": "Location",
                            "value": 61
                          },
                          "second": {
                            "__class__": "Location",
                            "value": 64
                          }
                        }
                      },
                      {
                        "__class__": "Block",
                        "expressions": [
                          {
                            "__class__": "BoolLiteral",
                            "value": false,
                            "range": {
                              "__class__": "Pair",
                              "first": {
                                "__class__": "Location",
                                "value": 68
                              },
                              "second": {
                                "__class__": "Location",
                                "value": 72
                              }
                            }
                          },
                          {
                            "__class__": "BoolLiteral",
                            "value": true,
                            "range": {
                              "__class__": "Pair",
                              "first": {
                                "__class__": "Location",
                                "value": 75
                              },
                              "second": {
                                "__class__": "Location",
                                "value": 78
                              }
                            }
                          }
                        ],
                        "range": {
                          "__class__": "Pair",
                          "first": {
                            "__class__": "Location",
                            "value": 67
                          },
                          "second": {
                            "__class__": "Location",
                            "value": 79
                          }
                        }
                      }
                    ],
                    "range": {
                      "__class__": "Pair",
                      "first": {
                        "__class__": "Location",
                        "value": 53
                      },
                      "second": {
                        "__class__": "Location",
                        "value": 80
                      }
                    }
                  }
                ],
                "range": {
                  "__class__": "Pair",
                  "first": {
                    "__class__": "Location",
                    "value": 36
                  },
                  "second": {
                    "__class__": "Location",
                    "value": 81
                  }
                }
              },
              {
                "__class__": "Block",
                "expressions": [
                  {
                    "__class__": "Block",
                    "expressions": [
                      {
                        "__class__": "Block",
                        "expressions": [
                          {
                            "__class__": "Empty",
                            "range": {
                              "__class__": "Pair",
                              "first": {
                                "__class__": "Location",
                                "value": 86
                              },
                              "second": {
                                "__class__": "Location",
                                "value": 86
                              }
                            }
                          }
                        ],
                        "range": {
                          "__class__": "Pair",
                          "first": {
                            "__class__": "Location",
                            "value": 86
                          },
                          "second": {
                            "__class__": "Location",
                            "value": 87
                          }
                        }
                      }
                    ],
                    "range": {
                      "__class__": "Pair",
                      "first": {
                        "__class__": "Location",
                        "value": 85
                      },
                      "second": {
                        "__class__": "Location",
                        "value": 88
                      }
                    }
                  }
                ],
                "range": {
                  "__class__": "Pair",
                  "first": {
                    "__class__": "Location",
                    "value": 84
                  },
                  "second": {
                    "__class__": "Location",
                    "value": 89
                  }
                }
              }
            ],
            "range": {
              "__class__": "Pair",
              "first": {
                "__class__": "Location",
                "value": 0
              },
              "second": {
                "__class__": "Location",
                "value": 89
              }
            }
          },
          {
            "__class__": "ReturnStatement",
            "value": {
              "__class__": "IntLiteral",
              "value": 0,
              "range": {
                "__class__": "Pair",
                "first": {
                  "__class__": "Location",
                  "value": 90
                },
                "second": {
                  "__class__": "Location",
                  "value": 90
                }
              }
            },
            "range": {
              "__class__": "Pair",
              "first": {
                "__class__": "Location",
                "value": 90
              },
              "second": {
                "__class__": "Location",
                "value": 90
              }
            }
          }
        ],
        "range": {
          "__class__": "Pair",
          "first": {
            "__class__": "Location",
            "value": 0
          },
          "second": {
            "__class__": "Location",
            "value": 90
          }
        }
      },
      "identifier": "\u003cprogram\u003e",
      "range": {
        "__class__": "Pair",
        "first": {
          "__class__": "Location",
          "value": -1
        },
        "second": {
          "__class__": "Location",
          "value": 90
        }
      }
    },
    "variables": [],
    "auxVariables": [],
    "staticDepth": 0,
    "variablesUsedInNestedFunctions": []
  }
}