{
  "__class__": "LinkedHashMap",
  "(Location(value\u003d248), Location(value\u003d278))": {
    "__class__": "AnalyzedFunction",
    "function": {
      "__class__": "FunctionDeclaration",
      "arguments": [
        {
          "__class__": "FunctionArgument",
          "type": {
            "__class__": "Basic",
            "identifier": "Unit",
            "range": {
              "__class__": "Pair",
              "first": {
                "__class__": "Location",
                "value": 260
              },
              "second": {
                "__class__": "Location",
                "value": 263
              }
            }
          },
          "identifier": "x",
          "range": {
            "__class__": "Pair",
            "first": {
              "__class__": "Location",
              "value": 257
            },
            "second": {
              "__class__": "Location",
              "value": 263
            }
          }
        }
      ],
      "returnType": {
        "__class__": "Basic",
        "identifier": "Unit",
        "range": {
          "__class__": "Pair",
          "first": {
            "__class__": "Location",
            "value": 269
          },
          "second": {
            "__class__": "Location",
            "value": 272
          }
        }
      },
      "body": {
        "__class__": "Block",
        "expressions": [
          {
            "__class__": "Empty",
            "range": {
              "__class__": "Pair",
              "first": {
                "__class__": "Location",
                "value": 277
              },
              "second": {
                "__class__": "Location",
                "value": 277
              }
            }
          }
        ],
        "range": {
          "__class__": "Pair",
          "first": {
            "__class__": "Location",
            "value": 277
          },
          "second": {
            "__class__": "Location",
            "value": 278
          }
        }
      },
      "identifier": "f",
      "range": {
        "__class__": "Pair",
        "first": {
          "__class__": "Location",
          "value": 248
        },
        "second": {
          "__class__": "Location",
          "value": 278
        }
      }
    },
    "variables": [],
    "auxVariables": [],
    "staticDepth": 0,
    "variablesUsedInNestedFunctions": []
  },
  "(Location(value\u003d287), Location(value\u003d315))": {
    "__class__": "AnalyzedFunction",
    "function": {
      "__class__": "FunctionDeclaration",
      "arguments": [
        {
          "__class__": "FunctionArgument",
          "type": {
            "__class__": "Basic",
            "identifier": "Unit",
            "range": {
              "__class__": "Pair",
              "first": {
                "__class__": "Location",
                "value": 299
              },
              "second": {
                "__class__": "Location",
                "value": 302
              }
            }
          },
          "identifier": "x",
          "range": {
            "__class__": "Pair",
            "first": {
              "__class__": "Location",
              "value": 296
            },
            "second": {
              "__class__": "Location",
              "value": 302
            }
          }
        }
      ],
      "returnType": {
        "__class__": "Basic",
        "identifier": "Int",
        "range": {
          "__class__": "Pair",
          "first": {
            "__class__": "Location",
            "value": 308
          },
          "second": {
            "__class__": "Location",
            "value": 310
          }
        }
      },
      "body": {
        "__class__": "IntLiteral",
        "value": 0,
        "range": {
          "__class__": "Pair",
          "first": {
            "__class__": "Location",
            "value": 315
          },
          "second": {
            "__class__": "Location",
            "value": 315
          }
        }
      },
      "identifier": "f",
      "range": {
        "__class__": "Pair",
        "first": {
          "__class__": "Location",
          "value": 287
        },
        "second": {
          "__class__": "Location",
          "value": 315
        }
      }
    },
    "variables": [],
    "auxVariables": [],
    "staticDepth": 0,
    "variablesUsedInNestedFunctions": []
  }
}