{
  "__class__": "Block",
  "expressions": [
    {
      "__class__": "FunctionDeclaration",
      "type": {
        "__class__": "Functional",
        "argumentsType": [],
        "returnType": {
          "__class__": "Basic",
          "identifier": "Int",
          "range": {
            "__class__": "Pair",
            "first": {
              "__class__": "Location",
              "value": -1
            },
            "second": {
              "__class__": "Location",
              "value": -1
            }
          }
        },
        "range": {
          "__class__": "Pair",
          "first": {
            "__class__": "Location",
            "value": -1
          },
          "second": {
            "__class__": "Location",
            "value": -1
          }
        }
      },
      "arguments": [],
      "returnType": {
        "__class__": "Basic",
        "identifier": "Int",
        "range": {
          "__class__": "Pair",
          "first": {
            "__class__": "Location",
            "value": -1
          },
          "second": {
            "__class__": "Location",
            "value": -1
          }
        }
      },
      "body": {
        "__class__": "Block",
        "expressions": [
          {
            "__class__": "Block",
            "expressions": [
              {
                "__class__": "FunctionDeclaration",
                "arguments": [
                  {
                    "__class__": "FunctionArgument",
                    "type": {
                      "__class__": "Basic",
                      "identifier": "Int",
                      "range": {
                        "__class__": "Pair",
                        "first": {
                          "__class__": "Location",
                          "value": 18
                        },
                        "second": {
                          "__class__": "Location",
                          "value": 20
                        }
                      }
                    },
                    "identifier": "x",
                    "range": {
                      "__class__": "Pair",
                      "first": {
                        "__class__": "Location",
                        "value": 15
                      },
                      "second": {
                        "__class__": "Location",
                        "value": 20
                      }
                    }
                  }
                ],
                "returnType": {
                  "__class__": "Basic",
                  "identifier": "Bool",
                  "range": {
                    "__class__": "Pair",
                    "first": {
                      "__class__": "Location",
                      "value": 26
                    },
                    "second": {
                      "__class__": "Location",
                      "value": 29
                    }
                  }
                },
                "body": {
                  "__class__": "Block",
                  "expressions": [
                    {
                      "__class__": "FunctionDeclaration",
                      "arguments": [
                        {
                          "__class__": "FunctionArgument",
                          "type": {
                            "__class__": "Basic",
                            "identifier": "Int",
                            "range": {
                              "__class__": "Pair",
                              "first": {
                                "__class__": "Location",
                                "value": 57
                              },
                              "second": {
                                "__class__": "Location",
                                "value": 59
                              }
                            }
                          },
                          "identifier": "x",
                          "range": {
                            "__class__": "Pair",
                            "first": {
                              "__class__": "Location",
                              "value": 54
                            },
                            "second": {
                              "__class__": "Location",
                              "value": 59
                            }
                          }
                        }
                      ],
                      "returnType": {
                        "__class__": "Basic",
                        "identifier": "Bool",
                        "range": {
                          "__class__": "Pair",
                          "first": {
                            "__class__": "Location",
                            "value": 65
                          },
                          "second": {
                            "__class__": "Location",
                            "value": 68
                          }
                        }
                      },
                      "body": {
                        "__class__": "Block",
                        "expressions": [
                          {
                            "__class__": "IfElseStatement",
                            "testExpression": {
                              "__class__": "Equals",
                              "lhs": {
                                "__class__": "VariableUse",
                                "identifier": "x",
                                "range": {
                                  "__class__": "Pair",
                                  "first": {
                                    "__class__": "Location",
                                    "value": 86
                                  },
                                  "second": {
                                    "__class__": "Location",
                                    "value": 86
                                  }
                                }
                              },
                              "rhs": {
                                "__class__": "IntLiteral",
                                "value": 0,
                                "range": {
                                  "__class__": "Pair",
                                  "first": {
                                    "__class__": "Location",
                                    "value": 91
                                  },
                                  "second": {
                                    "__class__": "Location",
                                    "value": 91
                                  }
                                }
                              },
                              "range": {
                                "__class__": "Pair",
                                "first": {
                                  "__class__": "Location",
                                  "value": 86
                                },
                                "second": {
                                  "__class__": "Location",
                                  "value": 91
                                }
                              }
                            },
                            "doExpression": {
                              "__class__": "BoolLiteral",
                              "value": false,
                              "range": {
                                "__class__": "Pair",
                                "first": {
                                  "__class__": "Location",
                                  "value": 110
                                },
                                "second": {
                                  "__class__": "Location",
                                  "value": 114
                                }
                              }
                            },
                            "elseExpression": {
                              "__class__": "FunctionCall",
                              "function": {
                                "__class__": "VariableUse",
                                "identifier": "is_even",
                                "range": {
                                  "__class__": "Pair",
                                  "first": {
                                    "__class__": "Location",
                                    "value": 141
                                  },
                                  "second": {
                                    "__class__": "Location",
                                    "value": 147
                                  }
                                }
                              },
                              "arguments": [
                                {
                                  "__class__": "Subtraction",
                                  "lhs": {
                                    "__class__": "VariableUse",
                                    "identifier": "x",
                                    "range": {
                                      "__class__": "Pair",
                                      "first": {
                                        "__class__": "Location",
                                        "value": 149
                                      },
                                      "second": {
                                        "__class__": "Location",
                                        "value": 149
                                      }
                                    }
                                  },
                                  "rhs": {
                                    "__class__": "IntLiteral",
                                    "value": 1,
                                    "range": {
                                      "__class__": "Pair",
                                      "first": {
                                        "__class__": "Location",
                                        "value": 153
                                      },
                                      "second": {
                                        "__class__": "Location",
                                        "value": 153
                                      }
                                    }
                                  },
                                  "range": {
                                    "__class__": "Pair",
                                    "first": {
                                      "__class__": "Location",
                                      "value": 149
                                    },
                                    "second": {
                                      "__class__": "Location",
                                      "value": 153
                                    }
                                  }
                                }
                              ],
                              "range": {
                                "__class__": "Pair",
                                "first": {
                                  "__class__": "Location",
                                  "value": 141
                                },
                                "second": {
                                  "__class__": "Location",
                                  "value": 154
                                }
                              }
                            },
                            "range": {
                              "__class__": "Pair",
                              "first": {
                                "__class__": "Location",
                                "value": 83
                              },
                              "second": {
                                "__class__": "Location",
                                "value": 154
                              }
                            }
                          }
                        ],
                        "range": {
                          "__class__": "Pair",
                          "first": {
                            "__class__": "Location",
                            "value": 73
                          },
                          "second": {
                            "__class__": "Location",
                            "value": 160
                          }
                        }
                      },
                      "identifier": "is_odd",
                      "range": {
                        "__class__": "Pair",
                        "first": {
                          "__class__": "Location",
                          "value": 40
                        },
                        "second": {
                          "__class__": "Location",
                          "value": 160
                        }
                      }
                    },
                    {
                      "__class__": "IfElseStatement",
                      "testExpression": {
                        "__class__": "Equals",
                        "lhs": {
                          "__class__": "VariableUse",
                          "identifier": "x",
                          "range": {
                            "__class__": "Pair",
                            "first": {
                              "__class__": "Location",
                              "value": 171
                            },
                            "second": {
                              "__class__": "Location",
                              "value": 171
                            }
                          }
                        },
                        "rhs": {
                          "__class__": "IntLiteral",
                          "value": 0,
                          "range": {
                            "__class__": "Pair",
                            "first": {
                              "__class__": "Location",
                              "value": 176
                            },
                            "second": {
                              "__class__": "Location",
                              "value": 176
                            }
                          }
                        },
                        "range": {
                          "__class__": "Pair",
                          "first": {
                            "__class__": "Location",
                            "value": 171
                          },
                          "second": {
                            "__class__": "Location",
                            "value": 176
                          }
                        }
                      },
                      "doExpression": {
                        "__class__": "BoolLiteral",
                        "value": true,
                        "range": {
                          "__class__": "Pair",
                          "first": {
                            "__class__": "Location",
                            "value": 191
                          },
                          "second": {
                            "__class__": "Location",
                            "value": 194
                          }
                        }
                      },
                      "elseExpression": {
                        "__class__": "FunctionCall",
                        "function": {
                          "__class__": "VariableUse",
                          "identifier": "is_odd",
                          "range": {
                            "__class__": "Pair",
                            "first": {
                              "__class__": "Location",
                              "value": 213
                            },
                            "second": {
                              "__class__": "Location",
                              "value": 218
                            }
                          }
                        },
                        "arguments": [
                          {
                            "__class__": "Subtraction",
                            "lhs": {
                              "__class__": "VariableUse",
                              "identifier": "x",
                              "range": {
                                "__class__": "Pair",
                                "first": {
                                  "__class__": "Location",
                                  "value": 220
                                },
                                "second": {
                                  "__class__": "Location",
                                  "value": 220
                                }
                              }
                            },
                            "rhs": {
                              "__class__": "IntLiteral",
                              "value": 1,
                              "range": {
                                "__class__": "Pair",
                                "first": {
                                  "__class__": "Location",
                                  "value": 224
                                },
                                "second": {
                                  "__class__": "Location",
                                  "value": 224
                                }
                              }
                            },
                            "range": {
                              "__class__": "Pair",
                              "first": {
                                "__class__": "Location",
                                "value": 220
                              },
                              "second": {
                                "__class__": "Location",
                                "value": 224
                              }
                            }
                          }
                        ],
                        "range": {
                          "__class__": "Pair",
                          "first": {
                            "__class__": "Location",
                            "value": 213
                          },
                          "second": {
                            "__class__": "Location",
                            "value": 225
                          }
                        }
                      },
                      "range": {
                        "__class__": "Pair",
                        "first": {
                          "__class__": "Location",
                          "value": 168
                        },
                        "second": {
                          "__class__": "Location",
                          "value": 225
                        }
                      }
                    }
                  ],
                  "range": {
                    "__class__": "Pair",
                    "first": {
                      "__class__": "Location",
                      "value": 34
                    },
                    "second": {
                      "__class__": "Location",
                      "value": 227
                    }
                  }
                },
                "identifier": "is_even",
                "range": {
                  "__class__": "Pair",
                  "first": {
                    "__class__": "Location",
                    "value": 0
                  },
                  "second": {
                    "__class__": "Location",
                    "value": 227
                  }
                }
              },
              {
                "__class__": "FunctionCall",
                "function": {
                  "__class__": "VariableUse",
                  "identifier": "is_even",
                  "range": {
                    "__class__": "Pair",
                    "first": {
                      "__class__": "Location",
                      "value": 230
                    },
                    "second": {
                      "__class__": "Location",
                      "value": 236
                    }
                  }
                },
                "arguments": [
                  {
                    "__class__": "IntLiteral",
                    "value": 10,
                    "range": {
                      "__class__": "Pair",
                      "first": {
                        "__class__": "Location",
                        "value": 238
                      },
                      "second": {
                        "__class__": "Location",
                        "value": 239
                      }
                    }
                  }
                ],
                "range": {
                  "__class__": "Pair",
                  "first": {
                    "__class__": "Location",
                    "value": 230
                  },
                  "second": {
                    "__class__": "Location",
                    "value": 240
                  }
                }
              },
              {
                "__class__": "FunctionDeclaration",
                "arguments": [
                  {
                    "__class__": "FunctionArgument",
                    "type": {
                      "__class__": "Basic",
                      "identifier": "Int",
                      "range": {
                        "__class__": "Pair",
                        "first": {
                          "__class__": "Location",
                          "value": 257
                        },
                        "second": {
                          "__class__": "Location",
                          "value": 259
                        }
                      }
                    },
                    "identifier": "x",
                    "range": {
                      "__class__": "Pair",
                      "first": {
                        "__class__": "Location",
                        "value": 254
                      },
                      "second": {
                        "__class__": "Location",
                        "value": 259
                      }
                    }
                  }
                ],
                "returnType": {
                  "__class__": "Basic",
                  "identifier": "Int",
                  "range": {
                    "__class__": "Pair",
                    "first": {
                      "__class__": "Location",
                      "value": 265
                    },
                    "second": {
                      "__class__": "Location",
                      "value": 267
                    }
                  }
                },
                "body": {
                  "__class__": "Block",
                  "expressions": [
                    {
                      "__class__": "FunctionDeclaration",
                      "arguments": [
                        {
                          "__class__": "FunctionArgument",
                          "type": {
                            "__class__": "Basic",
                            "identifier": "Int",
                            "range": {
                              "__class__": "Pair",
                              "first": {
                                "__class__": "Location",
                                "value": 290
                              },
                              "second": {
                                "__class__": "Location",
                                "value": 292
                              }
                            }
                          },
                          "identifier": "x",
                          "range": {
                            "__class__": "Pair",
                            "first": {
                              "__class__": "Location",
                              "value": 287
                            },
                            "second": {
                              "__class__": "Location",
                              "value": 292
                            }
                          }
                        }
                      ],
                      "returnType": {
                        "__class__": "Basic",
                        "identifier": "Int",
                        "range": {
                          "__class__": "Pair",
                          "first": {
                            "__class__": "Location",
                            "value": 298
                          },
                          "second": {
                            "__class__": "Location",
                            "value": 300
                          }
                        }
                      },
                      "body": {
                        "__class__": "Block",
                        "expressions": [
                          {
                            "__class__": "IfElseStatement",
                            "testExpression": {
                              "__class__": "Less",
                              "lhs": {
                                "__class__": "VariableUse",
                                "identifier": "x",
                                "range": {
                                  "__class__": "Pair",
                                  "first": {
                                    "__class__": "Location",
                                    "value": 318
                                  },
                                  "second": {
                                    "__class__": "Location",
                                    "value": 318
                                  }
                                }
                              },
                              "rhs": {
                                "__class__": "IntLiteral",
                                "value": 2,
                                "range": {
                                  "__class__": "Pair",
                                  "first": {
                                    "__class__": "Location",
                                    "value": 322
                                  },
                                  "second": {
                                    "__class__": "Location",
                                    "value": 322
                                  }
                                }
                              },
                              "range": {
                                "__class__": "Pair",
                                "first": {
                                  "__class__": "Location",
                                  "value": 318
                                },
                                "second": {
                                  "__class__": "Location",
                                  "value": 322
                                }
                              }
                            },
                            "doExpression": {
                              "__class__": "IntLiteral",
                              "value": 1,
                              "range": {
                                "__class__": "Pair",
                                "first": {
                                  "__class__": "Location",
                                  "value": 341
                                },
                                "second": {
                                  "__class__": "Location",
                                  "value": 341
                                }
                              }
                            },
                            "elseExpression": {
                              "__class__": "Addition",
                              "lhs": {
                                "__class__": "FunctionCall",
                                "function": {
                                  "__class__": "VariableUse",
                                  "identifier": "g",
                                  "range": {
                                    "__class__": "Pair",
                                    "first": {
                                      "__class__": "Location",
                                      "value": 368
                                    },
                                    "second": {
                                      "__class__": "Location",
                                      "value": 368
                                    }
                                  }
                                },
                                "arguments": [
                                  {
                                    "__class__": "Subtraction",
                                    "lhs": {
                                      "__class__": "VariableUse",
                                      "identifier": "x",
                                      "range": {
                                        "__class__": "Pair",
                                        "first": {
                                          "__class__": "Location",
                                          "value": 370
                                        },
                                        "second": {
                                          "__class__": "Location",
                                          "value": 370
                                        }
                                      }
                                    },
                                    "rhs": {
                                      "__class__": "IntLiteral",
                                      "value": 1,
                                      "range": {
                                        "__class__": "Pair",
                                        "first": {
                                          "__class__": "Location",
                                          "value": 374
                                        },
                                        "second": {
                                          "__class__": "Location",
                                          "value": 374
                                        }
                                      }
                                    },
                                    "range": {
                                      "__class__": "Pair",
                                      "first": {
                                        "__class__": "Location",
                                        "value": 370
                                      },
                                      "second": {
                                        "__class__": "Location",
                                        "value": 374
                                      }
                                    }
                                  }
                                ],
                                "range": {
                                  "__class__": "Pair",
                                  "first": {
                                    "__class__": "Location",
                                    "value": 368
                                  },
                                  "second": {
                                    "__class__": "Location",
                                    "value": 375
                                  }
                                }
                              },
                              "rhs": {
                                "__class__": "FunctionCall",
                                "function": {
                                  "__class__": "VariableUse",
                                  "identifier": "f",
                                  "range": {
                                    "__class__": "Pair",
                                    "first": {
                                      "__class__": "Location",
                                      "value": 379
                                    },
                                    "second": {
                                      "__class__": "Location",
                                      "value": 379
                                    }
                                  }
                                },
                                "arguments": [
                                  {
                                    "__class__": "Subtraction",
                                    "lhs": {
                                      "__class__": "VariableUse",
                                      "identifier": "x",
                                      "range": {
                                        "__class__": "Pair",
                                        "first": {
                                          "__class__": "Location",
                                          "value": 381
                                        },
                                        "second": {
                                          "__class__": "Location",
                                          "value": 381
                                        }
                                      }
                                    },
                                    "rhs": {
                                      "__class__": "IntLiteral",
                                      "value": 2,
                                      "range": {
                                        "__class__": "Pair",
                                        "first": {
                                          "__class__": "Location",
                                          "value": 385
                                        },
                                        "second": {
                                          "__class__": "Location",
                                          "value": 385
                                        }
                                      }
                                    },
                                    "range": {
                                      "__class__": "Pair",
                                      "first": {
                                        "__class__": "Location",
                                        "value": 381
                                      },
                                      "second": {
                                        "__class__": "Location",
                                        "value": 385
                                      }
                                    }
                                  }
                                ],
                                "range": {
                                  "__class__": "Pair",
                                  "first": {
                                    "__class__": "Location",
                                    "value": 379
                                  },
                                  "second": {
                                    "__class__": "Location",
                                    "value": 386
                                  }
                                }
                              },
                              "range": {
                                "__class__": "Pair",
                                "first": {
                                  "__class__": "Location",
                                  "value": 368
                                },
                                "second": {
                                  "__class__": "Location",
                                  "value": 386
                                }
                              }
                            },
                            "range": {
                              "__class__": "Pair",
                              "first": {
                                "__class__": "Location",
                                "value": 315
                              },
                              "second": {
                                "__class__": "Location",
                                "value": 386
                              }
                            }
                          }
                        ],
                        "range": {
                          "__class__": "Pair",
                          "first": {
                            "__class__": "Location",
                            "value": 305
                          },
                          "second": {
                            "__class__": "Location",
                            "value": 392
                          }
                        }
                      },
                      "identifier": "g",
                      "range": {
                        "__class__": "Pair",
                        "first": {
                          "__class__": "Location",
                          "value": 278
                        },
                        "second": {
                          "__class__": "Location",
                          "value": 392
                        }
                      }
                    },
                    {
                      "__class__": "IfElseStatement",
                      "testExpression": {
                        "__class__": "Less",
                        "lhs": {
                          "__class__": "VariableUse",
                          "identifier": "x",
                          "range": {
                            "__class__": "Pair",
                            "first": {
                              "__class__": "Location",
                              "value": 403
                            },
                            "second": {
                              "__class__": "Location",
                              "value": 403
                            }
                          }
                        },
                        "rhs": {
                          "__class__": "IntLiteral",
                          "value": 2,
                          "range": {
                            "__class__": "Pair",
                            "first": {
                              "__class__": "Location",
                              "value": 407
                            },
                            "second": {
                              "__class__": "Location",
                              "value": 407
                            }
                          }
                        },
                        "range": {
                          "__class__": "Pair",
                          "first": {
                            "__class__": "Location",
                            "value": 403
                          },
                          "second": {
                            "__class__": "Location",
                            "value": 407
                          }
                        }
                      },
                      "doExpression": {
                        "__class__": "IntLiteral",
                        "value": 1,
                        "range": {
                          "__class__": "Pair",
                          "first": {
                            "__class__": "Location",
                            "value": 423
                          },
                          "second": {
                            "__class__": "Location",
                            "value": 423
                          }
                        }
                      },
                      "elseExpression": {
                        "__class__": "Addition",
                        "lhs": {
                          "__class__": "FunctionCall",
                          "function": {
                            "__class__": "VariableUse",
                            "identifier": "f",
                            "range": {
                              "__class__": "Pair",
                              "first": {
                                "__class__": "Location",
                                "value": 442
                              },
                              "second": {
                                "__class__": "Location",
                                "value": 442
                              }
                            }
                          },
                          "arguments": [
                            {
                              "__class__": "Subtraction",
                              "lhs": {
                                "__class__": "VariableUse",
                                "identifier": "x",
                                "range": {
                                  "__class__": "Pair",
                                  "first": {
                                    "__class__": "Location",
                                    "value": 444
                                  },
                                  "second": {
                                    "__class__": "Location",
                                    "value": 444
                                  }
                                }
                              },
                              "rhs": {
                                "__class__": "IntLiteral",
                                "value": 1,
                                "range": {
                                  "__class__": "Pair",
                                  "first": {
                                    "__class__": "Location",
                                    "value": 448
                                  },
                                  "second": {
                                    "__class__": "Location",
                                    "value": 448
                                  }
                                }
                              },
                              "range": {
                                "__class__": "Pair",
                                "first": {
                                  "__class__": "Location",
                                  "value": 444
                                },
                                "second": {
                                  "__class__": "Location",
                                  "value": 448
                                }
                              }
                            }
                          ],
                          "range": {
                            "__class__": "Pair",
                            "first": {
                              "__class__": "Location",
                              "value": 442
                            },
                            "second": {
                              "__class__": "Location",
                              "value": 449
                            }
                          }
                        },
                        "rhs": {
                          "__class__": "FunctionCall",
                          "function": {
                            "__class__": "VariableUse",
                            "identifier": "g",
                            "range": {
                              "__class__": "Pair",
                              "first": {
                                "__class__": "Location",
                                "value": 453
                              },
                              "second": {
                                "__class__": "Location",
                                "value": 453
                              }
                            }
                          },
                          "arguments": [
                            {
                              "__class__": "Subtraction",
                              "lhs": {
                                "__class__": "VariableUse",
                                "identifier": "x",
                                "range": {
                                  "__class__": "Pair",
                                  "first": {
                                    "__class__": "Location",
                                    "value": 455
                                  },
                                  "second": {
                                    "__class__": "Location",
                                    "value": 455
                                  }
                                }
                              },
                              "rhs": {
                                "__class__": "IntLiteral",
                                "value": 2,
                                "range": {
                                  "__class__": "Pair",
                                  "first": {
                                    "__class__": "Location",
                                    "value": 459
                                  },
                                  "second": {
                                    "__class__": "Location",
                                    "value": 459
                                  }
                                }
                              },
                              "range": {
                                "__class__": "Pair",
                                "first": {
                                  "__class__": "Location",
                                  "value": 455
                                },
                                "second": {
                                  "__class__": "Location",
                                  "value": 459
                                }
                              }
                            }
                          ],
                          "range": {
                            "__class__": "Pair",
                            "first": {
                              "__class__": "Location",
                              "value": 453
                            },
                            "second": {
                              "__class__": "Location",
                              "value": 460
                            }
                          }
                        },
                        "range": {
                          "__class__": "Pair",
                          "first": {
                            "__class__": "Location",
                            "value": 442
                          },
                          "second": {
                            "__class__": "Location",
                            "value": 460
                          }
                        }
                      },
                      "range": {
                        "__class__": "Pair",
                        "first": {
                          "__class__": "Location",
                          "value": 400
                        },
                        "second": {
                          "__class__": "Location",
                          "value": 460
                        }
                      }
                    }
                  ],
                  "range": {
                    "__class__": "Pair",
                    "first": {
                      "__class__": "Location",
                      "value": 272
                    },
                    "second": {
                      "__class__": "Location",
                      "value": 462
                    }
                  }
                },
                "identifier": "f",
                "range": {
                  "__class__": "Pair",
                  "first": {
                    "__class__": "Location",
                    "value": 245
                  },
                  "second": {
                    "__class__": "Location",
                    "value": 462
                  }
                }
              },
              {
                "__class__": "FunctionCall",
                "function": {
                  "__class__": "VariableUse",
                  "identifier": "f",
                  "range": {
                    "__class__": "Pair",
                    "first": {
                      "__class__": "Location",
                      "value": 465
                    },
                    "second": {
                      "__class__": "Location",
                      "value": 465
                    }
                  }
                },
                "arguments": [
                  {
                    "__class__": "IntLiteral",
                    "value": 6,
                    "range": {
                      "__class__": "Pair",
                      "first": {
                        "__class__": "Location",
                        "value": 467
                      },
                      "second": {
                        "__class__": "Location",
                        "value": 467
                      }
                    }
                  }
                ],
                "range": {
                  "__class__": "Pair",
                  "first": {
                    "__class__": "Location",
                    "value": 465
                  },
                  "second": {
                    "__class__": "Location",
                    "value": 468
                  }
                }
              },
              {
                "__class__": "Empty",
                "range": {
                  "__class__": "Pair",
                  "first": {
                    "__class__": "Location",
                    "value": 468
                  },
                  "second": {
                    "__class__": "Location",
                    "value": 468
                  }
                }
              }
            ],
            "range": {
              "__class__": "Pair",
              "first": {
                "__class__": "Location",
                "value": 0
              },
              "second": {
                "__class__": "Location",
                "value": 469
              }
            }
          },
          {
            "__class__": "ReturnStatement",
            "value": {
              "__class__": "IntLiteral",
              "value": 0,
              "range": {
                "__class__": "Pair",
                "first": {
                  "__class__": "Location",
                  "value": 470
                },
                "second": {
                  "__class__": "Location",
                  "value": 470
                }
              }
            },
            "range": {
              "__class__": "Pair",
              "first": {
                "__class__": "Location",
                "value": 470
              },
              "second": {
                "__class__": "Location",
                "value": 470
              }
            }
          }
        ],
        "range": {
          "__class__": "Pair",
          "first": {
            "__class__": "Location",
            "value": 0
          },
          "second": {
            "__class__": "Location",
            "value": 470
          }
        }
      },
      "identifier": "\u003cprogram\u003e",
      "range": {
        "__class__": "Pair",
        "first": {
          "__class__": "Location",
          "value": -1
        },
        "second": {
          "__class__": "Location",
          "value": 470
        }
      }
    },
    {
      "__class__": "FunctionCall",
      "function": {
        "__class__": "VariableUse",
        "identifier": "\u003cprogram\u003e",
        "range": {
          "__class__": "Pair",
          "first": {
            "__class__": "Location",
            "value": 470
          },
          "second": {
            "__class__": "Location",
            "value": 470
          }
        }
      },
      "arguments": [],
      "range": {
        "__class__": "Pair",
        "first": {
          "__class__": "Location",
          "value": 470
        },
        "second": {
          "__class__": "Location",
          "value": 470
        }
      }
    }
  ],
  "range": {
    "__class__": "Pair",
    "first": {
      "__class__": "Location",
      "value": -1
    },
    "second": {
      "__class__": "Location",
      "value": 470
    }
  }
}