{
  "__class__": "LinkedHashMap",
  "(Location(value\u003d15), Location(value\u003d20))": {
    "__class__": "IntegerType",
    "name": "Int"
  },
  "(Location(value\u003d54), Location(value\u003d59))": {
    "__class__": "IntegerType",
    "name": "Int"
  },
  "(Location(value\u003d110), Location(value\u003d114))": {
    "__class__": "BooleanType",
    "name": "Bool"
  },
  "(Location(value\u003d149), Location(value\u003d149))": {
    "__class__": "IntegerType",
    "name": "Int"
  },
  "(Location(value\u003d153), Location(value\u003d153))": {
    "__class__": "IntegerType",
    "name": "Int"
  },
  "(Location(value\u003d149), Location(value\u003d153))": {
    "__class__": "IntegerType",
    "name": "Int"
  },
  "(Location(value\u003d141), Location(value\u003d147))": {
    "__class__": "FunctionType",
    "args": [
      {
        "__class__": "IntegerType",
        "name": "Int"
      }
    ],
    "result": {
      "__class__": "BooleanType",
      "name": "Bool"
    },
    "name": "[Int] -\u003e Bool"
  },
  "(Location(value\u003d141), Location(value\u003d154))": {
    "__class__": "BooleanType",
    "name": "Bool"
  },
  "(Location(value\u003d86), Location(value\u003d86))": {
    "__class__": "IntegerType",
    "name": "Int"
  },
  "(Location(value\u003d91), Location(value\u003d91))": {
    "__class__": "IntegerType",
    "name": "Int"
  },
  "(Location(value\u003d86), Location(value\u003d91))": {
    "__class__": "BooleanType",
    "name": "Bool"
  },
  "(Location(value\u003d83), Location(value\u003d154))": {
    "__class__": "BooleanType",
    "name": "Bool"
  },
  "(Location(value\u003d73), Location(value\u003d160))": {
    "__class__": "BooleanType",
    "name": "Bool"
  },
  "(Location(value\u003d40), Location(value\u003d160))": {
    "__class__": "UnitType",
    "name": "Unit"
  },
  "(Location(value\u003d191), Location(value\u003d194))": {
    "__class__": "BooleanType",
    "name": "Bool"
  },
  "(Location(value\u003d220), Location(value\u003d220))": {
    "__class__": "IntegerType",
    "name": "Int"
  },
  "(Location(value\u003d224), Location(value\u003d224))": {
    "__class__": "IntegerType",
    "name": "Int"
  },
  "(Location(value\u003d220), Location(value\u003d224))": {
    "__class__": "IntegerType",
    "name": "Int"
  },
  "(Location(value\u003d213), Location(value\u003d218))": {
    "__class__": "FunctionType",
    "args": [
      {
        "__class__": "IntegerType",
        "name": "Int"
      }
    ],
    "result": {
      "__class__": "BooleanType",
      "name": "Bool"
    },
    "name": "[Int] -\u003e Bool"
  },
  "(Location(value\u003d213), Location(value\u003d225))": {
    "__class__": "BooleanType",
    "name": "Bool"
  },
  "(Location(value\u003d171), Location(value\u003d171))": {
    "__class__": "IntegerType",
    "name": "Int"
  },
  "(Location(value\u003d176), Location(value\u003d176))": {
    "__class__": "IntegerType",
    "name": "Int"
  },
  "(Location(value\u003d171), Location(value\u003d176))": {
    "__class__": "BooleanType",
    "name": "Bool"
  },
  "(Location(value\u003d168), Location(value\u003d225))": {
    "__class__": "BooleanType",
    "name": "Bool"
  },
  "(Location(value\u003d34), Location(value\u003d227))": {
    "__class__": "BooleanType",
    "name": "Bool"
  },
  "(Location(value\u003d0), Location(value\u003d227))": {
    "__class__": "UnitType",
    "name": "Unit"
  },
  "(Location(value\u003d238), Location(value\u003d239))": {
    "__class__": "IntegerType",
    "name": "Int"
  },
  "(Location(value\u003d230), Location(value\u003d236))": {
    "__class__": "FunctionType",
    "args": [
      {
        "__class__": "IntegerType",
        "name": "Int"
      }
    ],
    "result": {
      "__class__": "BooleanType",
      "name": "Bool"
    },
    "name": "[Int] -\u003e Bool"
  },
  "(Location(value\u003d230), Location(value\u003d240))": {
    "__class__": "BooleanType",
    "name": "Bool"
  },
  "(Location(value\u003d254), Location(value\u003d259))": {
    "__class__": "IntegerType",
    "name": "Int"
  },
  "(Location(value\u003d287), Location(value\u003d292))": {
    "__class__": "IntegerType",
    "name": "Int"
  },
  "(Location(value\u003d341), Location(value\u003d341))": {
    "__class__": "IntegerType",
    "name": "Int"
  },
  "(Location(value\u003d370), Location(value\u003d370))": {
    "__class__": "IntegerType",
    "name": "Int"
  },
  "(Location(value\u003d374), Location(value\u003d374))": {
    "__class__": "IntegerType",
    "name": "Int"
  },
  "(Location(value\u003d370), Location(value\u003d374))": {
    "__class__": "IntegerType",
    "name": "Int"
  },
  "(Location(value\u003d368), Location(value\u003d368))": {
    "__class__": "FunctionType",
    "args": [
      {
        "__class__": "IntegerType",
        "name": "Int"
      }
    ],
    "result": {
      "__class__": "IntegerType",
      "name": "Int"
    },
    "name": "[Int] -\u003e Int"
  },
  "(Location(value\u003d368), Location(value\u003d375))": {
    "__class__": "IntegerType",
    "name": "Int"
  },
  "(Location(value\u003d381), Location(value\u003d381))": {
    "__class__": "IntegerType",
    "name": "Int"
  },
  "(Location(value\u003d385), Location(value\u003d385))": {
    "__class__": "IntegerType",
    "name": "Int"
  },
  "(Location(value\u003d381), Location(value\u003d385))": {
    "__class__": "IntegerType",
    "name": "Int"
  },
  "(Location(value\u003d379), Location(value\u003d379))": {
    "__class__": "FunctionType",
    "args": [
      {
        "__class__": "IntegerType",
        "name": "Int"
      }
    ],
    "result": {
      "__class__": "IntegerType",
      "name": "Int"
    },
    "name": "[Int] -\u003e Int"
  },
  "(Location(value\u003d379), Location(value\u003d386))": {
    "__class__": "IntegerType",
    "name": "Int"
  },
  "(Location(value\u003d368), Location(value\u003d386))": {
    "__class__": "IntegerType",
    "name": "Int"
  },
  "(Location(value\u003d318), Location(value\u003d318))": {
    "__class__": "IntegerType",
    "name": "Int"
  },
  "(Location(value\u003d322), Location(value\u003d322))": {
    "__class__": "IntegerType",
    "name": "Int"
  },
  "(Location(value\u003d318), Location(value\u003d322))": {
    "__class__": "BooleanType",
    "name": "Bool"
  },
  "(Location(value\u003d315), Location(value\u003d386))": {
    "__class__": "IntegerType",
    "name": "Int"
  },
  "(Location(value\u003d305), Location(value\u003d392))": {
    "__class__": "IntegerType",
    "name": "Int"
  },
  "(Location(value\u003d278), Location(value\u003d392))": {
    "__class__": "UnitType",
    "name": "Unit"
  },
  "(Location(value\u003d423), Location(value\u003d423))": {
    "__class__": "IntegerType",
    "name": "Int"
  },
  "(Location(value\u003d444), Location(value\u003d444))": {
    "__class__": "IntegerType",
    "name": "Int"
  },
  "(Location(value\u003d448), Location(value\u003d448))": {
    "__class__": "IntegerType",
    "name": "Int"
  },
  "(Location(value\u003d444), Location(value\u003d448))": {
    "__class__": "IntegerType",
    "name": "Int"
  },
  "(Location(value\u003d442), Location(value\u003d442))": {
    "__class__": "FunctionType",
    "args": [
      {
        "__class__": "IntegerType",
        "name": "Int"
      }
    ],
    "result": {
      "__class__": "IntegerType",
      "name": "Int"
    },
    "name": "[Int] -\u003e Int"
  },
  "(Location(value\u003d442), Location(value\u003d449))": {
    "__class__": "IntegerType",
    "name": "Int"
  },
  "(Location(value\u003d455), Location(value\u003d455))": {
    "__class__": "IntegerType",
    "name": "Int"
  },
  "(Location(value\u003d459), Location(value\u003d459))": {
    "__class__": "IntegerType",
    "name": "Int"
  },
  "(Location(value\u003d455), Location(value\u003d459))": {
    "__class__": "IntegerType",
    "name": "Int"
  },
  "(Location(value\u003d453), Location(value\u003d453))": {
    "__class__": "FunctionType",
    "args": [
      {
        "__class__": "IntegerType",
        "name": "Int"
      }
    ],
    "result": {
      "__class__": "IntegerType",
      "name": "Int"
    },
    "name": "[Int] -\u003e Int"
  },
  "(Location(value\u003d453), Location(value\u003d460))": {
    "__class__": "IntegerType",
    "name": "Int"
  },
  "(Location(value\u003d442), Location(value\u003d460))": {
    "__class__": "IntegerType",
    "name": "Int"
  },
  "(Location(value\u003d403), Location(value\u003d403))": {
    "__class__": "IntegerType",
    "name": "Int"
  },
  "(Location(value\u003d407), Location(value\u003d407))": {
    "__class__": "IntegerType",
    "name": "Int"
  },
  "(Location(value\u003d403), Location(value\u003d407))": {
    "__class__": "BooleanType",
    "name": "Bool"
  },
  "(Location(value\u003d400), Location(value\u003d460))": {
    "__class__": "IntegerType",
    "name": "Int"
  },
  "(Location(value\u003d272), Location(value\u003d462))": {
    "__class__": "IntegerType",
    "name": "Int"
  },
  "(Location(value\u003d245), Location(value\u003d462))": {
    "__class__": "UnitType",
    "name": "Unit"
  },
  "(Location(value\u003d467), Location(value\u003d467))": {
    "__class__": "IntegerType",
    "name": "Int"
  },
  "(Location(value\u003d465), Location(value\u003d465))": {
    "__class__": "FunctionType",
    "args": [
      {
        "__class__": "IntegerType",
        "name": "Int"
      }
    ],
    "result": {
      "__class__": "IntegerType",
      "name": "Int"
    },
    "name": "[Int] -\u003e Int"
  },
  "(Location(value\u003d465), Location(value\u003d468))": {
    "__class__": "IntegerType",
    "name": "Int"
  },
  "(Location(value\u003d468), Location(value\u003d468))": {
    "__class__": "UnitType",
    "name": "Unit"
  },
  "(Location(value\u003d0), Location(value\u003d469))": {
    "__class__": "UnitType",
    "name": "Unit"
  },
  "(Location(value\u003d470), Location(value\u003d470))": {
    "__class__": "UnitType",
    "name": "Unit"
  },
  "(Location(value\u003d0), Location(value\u003d470))": {
    "__class__": "UnitType",
    "name": "Unit"
  },
  "(Location(value\u003d-1), Location(value\u003d470))": {
    "__class__": "UnitType",
    "name": "Unit"
  }
}