{
  "__class__": "Block",
  "expressions": [
    {
      "__class__": "FunctionDefinition",
      "arguments": [],
      "body": {
        "__class__": "Block",
        "expressions": [
          {
            "__class__": "FunctionDefinition",
            "arguments": [
              {
                "__class__": "FunctionArgument",
                "type": {
                  "__class__": "Basic",
                  "identifier": "Bool",
                  "range": {
                    "__class__": "Pair",
                    "first": {
                      "__class__": "Location",
                      "value": 12
                    },
                    "second": {
                      "__class__": "Location",
                      "value": 15
                    }
                  }
                },
                "identifier": "a",
                "range": {
                  "__class__": "Pair",
                  "first": {
                    "__class__": "Location",
                    "value": 9
                  },
                  "second": {
                    "__class__": "Location",
                    "value": 15
                  }
                }
              }
            ],
            "body": {
              "__class__": "Block",
              "expressions": [
                {
                  "__class__": "FunctionDefinition",
                  "arguments": [
                    {
                      "__class__": "FunctionArgument",
                      "type": {
                        "__class__": "Basic",
                        "identifier": "Bool",
                        "range": {
                          "__class__": "Pair",
                          "first": {
                            "__class__": "Location",
                            "value": 42
                          },
                          "second": {
                            "__class__": "Location",
                            "value": 45
                          }
                        }
                      },
                      "identifier": "b",
                      "range": {
                        "__class__": "Pair",
                        "first": {
                          "__class__": "Location",
                          "value": 39
                        },
                        "second": {
                          "__class__": "Location",
                          "value": 45
                        }
                      }
                    }
                  ],
                  "body": {
                    "__class__": "VariableUse",
                    "identifier": "b",
                    "range": {
                      "__class__": "Pair",
                      "first": {
                        "__class__": "Location",
                        "value": 59
                      },
                      "second": {
                        "__class__": "Location",
                        "value": 59
                      }
                    }
                  },
                  "returnType": {
                    "__class__": "Basic",
                    "identifier": "Bool",
                    "range": {
                      "__class__": "Pair",
                      "first": {
                        "__class__": "Location",
                        "value": 51
                      },
                      "second": {
                        "__class__": "Location",
                        "value": 54
                      }
                    }
                  },
                  "identifier": "g",
                  "range": {
                    "__class__": "Pair",
                    "first": {
                      "__class__": "Location",
                      "value": 30
                    },
                    "second": {
                      "__class__": "Location",
                      "value": 59
                    }
                  }
                },
                {
                  "__class__": "FunctionCall",
                  "function": {
                    "__class__": "VariableUse",
                    "identifier": "g",
                    "range": {
                      "__class__": "Pair",
                      "first": {
                        "__class__": "Location",
                        "value": 62
                      },
                      "second": {
                        "__class__": "Location",
                        "value": 62
                      }
                    }
                  },
                  "arguments": [
                    {
                      "__class__": "VariableUse",
                      "identifier": "a",
                      "range": {
                        "__class__": "Pair",
                        "first": {
                          "__class__": "Location",
                          "value": 64
                        },
                        "second": {
                          "__class__": "Location",
                          "value": 64
                        }
                      }
                    }
                  ],
                  "range": {
                    "__class__": "Pair",
                    "first": {
                      "__class__": "Location",
                      "value": 62
                    },
                    "second": {
                      "__class__": "Location",
                      "value": 65
                    }
                  }
                }
              ],
              "range": {
                "__class__": "Pair",
                "first": {
                  "__class__": "Location",
                  "value": 29
                },
                "second": {
                  "__class__": "Location",
                  "value": 66
                }
              }
            },
            "returnType": {
              "__class__": "Basic",
              "identifier": "Bool",
              "range": {
                "__class__": "Pair",
                "first": {
                  "__class__": "Location",
                  "value": 21
                },
                "second": {
                  "__class__": "Location",
                  "value": 24
                }
              }
            },
            "identifier": "f",
            "range": {
              "__class__": "Pair",
              "first": {
                "__class__": "Location",
                "value": 0
              },
              "second": {
                "__class__": "Location",
                "value": 66
              }
            }
          },
          {
            "__class__": "Empty",
            "range": {
              "__class__": "Pair",
              "first": {
                "__class__": "Location",
                "value": 67
              },
              "second": {
                "__class__": "Location",
                "value": 67
              }
            }
          }
        ],
        "range": {
          "__class__": "Pair",
          "first": {
            "__class__": "Location",
            "value": 0
          },
          "second": {
            "__class__": "Location",
            "value": 67
          }
        }
      },
      "type": {
        "__class__": "Functional",
        "argumentsType": [],
        "returnType": {
          "__class__": "Basic",
          "identifier": "Unit",
          "range": {
            "__class__": "Pair",
            "first": {
              "__class__": "Location",
              "value": -1
            },
            "second": {
              "__class__": "Location",
              "value": -1
            }
          }
        },
        "range": {
          "__class__": "Pair",
          "first": {
            "__class__": "Location",
            "value": -1
          },
          "second": {
            "__class__": "Location",
            "value": -1
          }
        }
      },
      "returnType": {
        "__class__": "Basic",
        "identifier": "Unit",
        "range": {
          "__class__": "Pair",
          "first": {
            "__class__": "Location",
            "value": -1
          },
          "second": {
            "__class__": "Location",
            "value": -1
          }
        }
      },
      "identifier": "\u003cprogram\u003e",
      "range": {
        "__class__": "Pair",
        "first": {
          "__class__": "Location",
          "value": -1
        },
        "second": {
          "__class__": "Location",
          "value": 67
        }
      }
    },
    {
      "__class__": "FunctionCall",
      "function": {
        "__class__": "VariableUse",
        "identifier": "\u003cprogram\u003e",
        "range": {
          "__class__": "Pair",
          "first": {
            "__class__": "Location",
            "value": 67
          },
          "second": {
            "__class__": "Location",
            "value": 67
          }
        }
      },
      "arguments": [],
      "range": {
        "__class__": "Pair",
        "first": {
          "__class__": "Location",
          "value": 67
        },
        "second": {
          "__class__": "Location",
          "value": 67
        }
      }
    }
  ],
  "range": {
    "__class__": "Pair",
    "first": {
      "__class__": "Location",
      "value": -1
    },
    "second": {
      "__class__": "Location",
      "value": 67
    }
  }
}