{
  "__class__": "LinkedHashMap",
  "(Location(value\u003d-1), Location(value\u003d325))": {
    "__class__": "AnalyzedFunction",
    "function": {
      "__class__": "FunctionDeclaration",
      "arguments": [],
      "body": {
        "__class__": "Block",
        "expressions": [
          {
            "__class__": "Block",
            "expressions": [
              {
                "__class__": "VariableDeclaration",
                "value": {
                  "__class__": "IntLiteral",
                  "value": 7,
                  "range": {
                    "__class__": "Pair",
                    "first": {
                      "__class__": "Location",
                      "value": 60
                    },
                    "second": {
                      "__class__": "Location",
                      "value": 60
                    }
                  }
                },
                "identifier": "i",
                "range": {
                  "__class__": "Pair",
                  "first": {
                    "__class__": "Location",
                    "value": 52
                  },
                  "second": {
                    "__class__": "Location",
                    "value": 60
                  }
                }
              },
              {
                "__class__": "VariableDeclaration",
                "value": {
                  "__class__": "BoolLiteral",
                  "value": true,
                  "range": {
                    "__class__": "Pair",
                    "first": {
                      "__class__": "Location",
                      "value": 88
                    },
                    "second": {
                      "__class__": "Location",
                      "value": 91
                    }
                  }
                },
                "identifier": "longerVariableName",
                "range": {
                  "__class__": "Pair",
                  "first": {
                    "__class__": "Location",
                    "value": 63
                  },
                  "second": {
                    "__class__": "Location",
                    "value": 91
                  }
                }
              },
              {
                "__class__": "VariableDeclaration",
                "value": {
                  "__class__": "IntLiteral",
                  "value": 1,
                  "range": {
                    "__class__": "Pair",
                    "first": {
                      "__class__": "Location",
                      "value": 161
                    },
                    "second": {
                      "__class__": "Location",
                      "value": 161
                    }
                  }
                },
                "identifier": "_internal_use_variable_",
                "range": {
                  "__class__": "Pair",
                  "first": {
                    "__class__": "Location",
                    "value": 131
                  },
                  "second": {
                    "__class__": "Location",
                    "value": 161
                  }
                }
              },
              {
                "__class__": "VariableDeclaration",
                "type": {
                  "__class__": "Basic",
                  "identifier": "Int",
                  "range": {
                    "__class__": "Pair",
                    "first": {
                      "__class__": "Location",
                      "value": 224
                    },
                    "second": {
                      "__class__": "Location",
                      "value": 226
                    }
                  }
                },
                "value": {
                  "__class__": "IntLiteral",
                  "value": 0,
                  "range": {
                    "__class__": "Pair",
                    "first": {
                      "__class__": "Location",
                      "value": 230
                    },
                    "second": {
                      "__class__": "Location",
                      "value": 230
                    }
                  }
                },
                "identifier": "count",
                "range": {
                  "__class__": "Pair",
                  "first": {
                    "__class__": "Location",
                    "value": 213
                  },
                  "second": {
                    "__class__": "Location",
                    "value": 230
                  }
                }
              },
              {
                "__class__": "VariableDeclaration",
                "type": {
                  "__class__": "Basic",
                  "identifier": "Bool",
                  "range": {
                    "__class__": "Pair",
                    "first": {
                      "__class__": "Location",
                      "value": 244
                    },
                    "second": {
                      "__class__": "Location",
                      "value": 247
                    }
                  }
                },
                "value": {
                  "__class__": "BoolLiteral",
                  "value": false,
                  "range": {
                    "__class__": "Pair",
                    "first": {
                      "__class__": "Location",
                      "value": 251
                    },
                    "second": {
                      "__class__": "Location",
                      "value": 255
                    }
                  }
                },
                "identifier": "check",
                "range": {
                  "__class__": "Pair",
                  "first": {
                    "__class__": "Location",
                    "value": 233
                  },
                  "second": {
                    "__class__": "Location",
                    "value": 255
                  }
                }
              },
              {
                "__class__": "FunctionDeclaration",
                "arguments": [
                  {
                    "__class__": "FunctionArgument",
                    "type": {
                      "__class__": "Basic",
                      "identifier": "Int",
                      "range": {
                        "__class__": "Pair",
                        "first": {
                          "__class__": "Location",
                          "value": 308
                        },
                        "second": {
                          "__class__": "Location",
                          "value": 310
                        }
                      }
                    },
                    "identifier": "x",
                    "range": {
                      "__class__": "Pair",
                      "first": {
                        "__class__": "Location",
                        "value": 305
                      },
                      "second": {
                        "__class__": "Location",
                        "value": 310
                      }
                    }
                  }
                ],
                "body": {
                  "__class__": "VariableUse",
                  "identifier": "x",
                  "range": {
                    "__class__": "Pair",
                    "first": {
                      "__class__": "Location",
                      "value": 323
                    },
                    "second": {
                      "__class__": "Location",
                      "value": 323
                    }
                  }
                },
                "returnType": {
                  "__class__": "Basic",
                  "identifier": "Int",
                  "range": {
                    "__class__": "Pair",
                    "first": {
                      "__class__": "Location",
                      "value": 316
                    },
                    "second": {
                      "__class__": "Location",
                      "value": 318
                    }
                  }
                },
                "identifier": "function",
                "range": {
                  "__class__": "Pair",
                  "first": {
                    "__class__": "Location",
                    "value": 289
                  },
                  "second": {
                    "__class__": "Location",
                    "value": 323
                  }
                }
              },
              {
                "__class__": "Empty",
                "range": {
                  "__class__": "Pair",
                  "first": {
                    "__class__": "Location",
                    "value": 323
                  },
                  "second": {
                    "__class__": "Location",
                    "value": 323
                  }
                }
              }
            ],
            "range": {
              "__class__": "Pair",
              "first": {
                "__class__": "Location",
                "value": 52
              },
              "second": {
                "__class__": "Location",
                "value": 324
              }
            }
          },
          {
            "__class__": "Empty",
            "range": {
              "__class__": "Pair",
              "first": {
                "__class__": "Location",
                "value": 325
              },
              "second": {
                "__class__": "Location",
                "value": 325
              }
            }
          }
        ],
        "range": {
          "__class__": "Pair",
          "first": {
            "__class__": "Location",
            "value": 0
          },
          "second": {
            "__class__": "Location",
            "value": 325
          }
        }
      },
      "type": {
        "__class__": "Functional",
        "argumentsType": [],
        "returnType": {
          "__class__": "Basic",
          "identifier": "Unit",
          "range": {
            "__class__": "Pair",
            "first": {
              "__class__": "Location",
              "value": -1
            },
            "second": {
              "__class__": "Location",
              "value": -1
            }
          }
        },
        "range": {
          "__class__": "Pair",
          "first": {
            "__class__": "Location",
            "value": -1
          },
          "second": {
            "__class__": "Location",
            "value": -1
          }
        }
      },
      "returnType": {
        "__class__": "Basic",
        "identifier": "Unit",
        "range": {
          "__class__": "Pair",
          "first": {
            "__class__": "Location",
            "value": -1
          },
          "second": {
            "__class__": "Location",
            "value": -1
          }
        }
      },
      "identifier": "\u003cprogram\u003e",
      "range": {
        "__class__": "Pair",
        "first": {
          "__class__": "Location",
          "value": -1
        },
        "second": {
          "__class__": "Location",
          "value": 325
        }
      }
    },
    "variables": [
      {
        "__class__": "AnalyzedVariable",
        "declaration": {
          "__class__": "VariableDeclaration",
          "value": {
            "__class__": "IntLiteral",
            "value": 7,
            "range": {
              "__class__": "Pair",
              "first": {
                "__class__": "Location",
                "value": 60
              },
              "second": {
                "__class__": "Location",
                "value": 60
              }
            }
          },
          "identifier": "i",
          "range": {
            "__class__": "Pair",
            "first": {
              "__class__": "Location",
              "value": 52
            },
            "second": {
              "__class__": "Location",
              "value": 60
            }
          }
        },
        "definedIn": {
          "__class__": "FunctionDeclaration",
          "arguments": [],
          "body": {
            "__class__": "Block",
            "expressions": [
              {
                "__class__": "Block",
                "expressions": [
                  {
                    "__class__": "VariableDeclaration",
                    "value": {
                      "__class__": "IntLiteral",
                      "value": 7,
                      "range": {
                        "__class__": "Pair",
                        "first": {
                          "__class__": "Location",
                          "value": 60
                        },
                        "second": {
                          "__class__": "Location",
                          "value": 60
                        }
                      }
                    },
                    "identifier": "i",
                    "range": {
                      "__class__": "Pair",
                      "first": {
                        "__class__": "Location",
                        "value": 52
                      },
                      "second": {
                        "__class__": "Location",
                        "value": 60
                      }
                    }
                  },
                  {
                    "__class__": "VariableDeclaration",
                    "value": {
                      "__class__": "BoolLiteral",
                      "value": true,
                      "range": {
                        "__class__": "Pair",
                        "first": {
                          "__class__": "Location",
                          "value": 88
                        },
                        "second": {
                          "__class__": "Location",
                          "value": 91
                        }
                      }
                    },
                    "identifier": "longerVariableName",
                    "range": {
                      "__class__": "Pair",
                      "first": {
                        "__class__": "Location",
                        "value": 63
                      },
                      "second": {
                        "__class__": "Location",
                        "value": 91
                      }
                    }
                  },
                  {
                    "__class__": "VariableDeclaration",
                    "value": {
                      "__class__": "IntLiteral",
                      "value": 1,
                      "range": {
                        "__class__": "Pair",
                        "first": {
                          "__class__": "Location",
                          "value": 161
                        },
                        "second": {
                          "__class__": "Location",
                          "value": 161
                        }
                      }
                    },
                    "identifier": "_internal_use_variable_",
                    "range": {
                      "__class__": "Pair",
                      "first": {
                        "__class__": "Location",
                        "value": 131
                      },
                      "second": {
                        "__class__": "Location",
                        "value": 161
                      }
                    }
                  },
                  {
                    "__class__": "VariableDeclaration",
                    "type": {
                      "__class__": "Basic",
                      "identifier": "Int",
                      "range": {
                        "__class__": "Pair",
                        "first": {
                          "__class__": "Location",
                          "value": 224
                        },
                        "second": {
                          "__class__": "Location",
                          "value": 226
                        }
                      }
                    },
                    "value": {
                      "__class__": "IntLiteral",
                      "value": 0,
                      "range": {
                        "__class__": "Pair",
                        "first": {
                          "__class__": "Location",
                          "value": 230
                        },
                        "second": {
                          "__class__": "Location",
                          "value": 230
                        }
                      }
                    },
                    "identifier": "count",
                    "range": {
                      "__class__": "Pair",
                      "first": {
                        "__class__": "Location",
                        "value": 213
                      },
                      "second": {
                        "__class__": "Location",
                        "value": 230
                      }
                    }
                  },
                  {
                    "__class__": "VariableDeclaration",
                    "type": {
                      "__class__": "Basic",
                      "identifier": "Bool",
                      "range": {
                        "__class__": "Pair",
                        "first": {
                          "__class__": "Location",
                          "value": 244
                        },
                        "second": {
                          "__class__": "Location",
                          "value": 247
                        }
                      }
                    },
                    "value": {
                      "__class__": "BoolLiteral",
                      "value": false,
                      "range": {
                        "__class__": "Pair",
                        "first": {
                          "__class__": "Location",
                          "value": 251
                        },
                        "second": {
                          "__class__": "Location",
                          "value": 255
                        }
                      }
                    },
                    "identifier": "check",
                    "range": {
                      "__class__": "Pair",
                      "first": {
                        "__class__": "Location",
                        "value": 233
                      },
                      "second": {
                        "__class__": "Location",
                        "value": 255
                      }
                    }
                  },
                  {
                    "__class__": "FunctionDeclaration",
                    "arguments": [
                      {
                        "__class__": "FunctionArgument",
                        "type": {
                          "__class__": "Basic",
                          "identifier": "Int",
                          "range": {
                            "__class__": "Pair",
                            "first": {
                              "__class__": "Location",
                              "value": 308
                            },
                            "second": {
                              "__class__": "Location",
                              "value": 310
                            }
                          }
                        },
                        "identifier": "x",
                        "range": {
                          "__class__": "Pair",
                          "first": {
                            "__class__": "Location",
                            "value": 305
                          },
                          "second": {
                            "__class__": "Location",
                            "value": 310
                          }
                        }
                      }
                    ],
                    "body": {
                      "__class__": "VariableUse",
                      "identifier": "x",
                      "range": {
                        "__class__": "Pair",
                        "first": {
                          "__class__": "Location",
                          "value": 323
                        },
                        "second": {
                          "__class__": "Location",
                          "value": 323
                        }
                      }
                    },
                    "returnType": {
                      "__class__": "Basic",
                      "identifier": "Int",
                      "range": {
                        "__class__": "Pair",
                        "first": {
                          "__class__": "Location",
                          "value": 316
                        },
                        "second": {
                          "__class__": "Location",
                          "value": 318
                        }
                      }
                    },
                    "identifier": "function",
                    "range": {
                      "__class__": "Pair",
                      "first": {
                        "__class__": "Location",
                        "value": 289
                      },
                      "second": {
                        "__class__": "Location",
                        "value": 323
                      }
                    }
                  },
                  {
                    "__class__": "Empty",
                    "range": {
                      "__class__": "Pair",
                      "first": {
                        "__class__": "Location",
                        "value": 323
                      },
                      "second": {
                        "__class__": "Location",
                        "value": 323
                      }
                    }
                  }
                ],
                "range": {
                  "__class__": "Pair",
                  "first": {
                    "__class__": "Location",
                    "value": 52
                  },
                  "second": {
                    "__class__": "Location",
                    "value": 324
                  }
                }
              },
              {
                "__class__": "Empty",
                "range": {
                  "__class__": "Pair",
                  "first": {
                    "__class__": "Location",
                    "value": 325
                  },
                  "second": {
                    "__class__": "Location",
                    "value": 325
                  }
                }
              }
            ],
            "range": {
              "__class__": "Pair",
              "first": {
                "__class__": "Location",
                "value": 0
              },
              "second": {
                "__class__": "Location",
                "value": 325
              }
            }
          },
          "type": {
            "__class__": "Functional",
            "argumentsType": [],
            "returnType": {
              "__class__": "Basic",
              "identifier": "Unit",
              "range": {
                "__class__": "Pair",
                "first": {
                  "__class__": "Location",
                  "value": -1
                },
                "second": {
                  "__class__": "Location",
                  "value": -1
                }
              }
            },
            "range": {
              "__class__": "Pair",
              "first": {
                "__class__": "Location",
                "value": -1
              },
              "second": {
                "__class__": "Location",
                "value": -1
              }
            }
          },
          "returnType": {
            "__class__": "Basic",
            "identifier": "Unit",
            "range": {
              "__class__": "Pair",
              "first": {
                "__class__": "Location",
                "value": -1
              },
              "second": {
                "__class__": "Location",
                "value": -1
              }
            }
          },
          "identifier": "\u003cprogram\u003e",
          "range": {
            "__class__": "Pair",
            "first": {
              "__class__": "Location",
              "value": -1
            },
            "second": {
              "__class__": "Location",
              "value": 325
            }
          }
        },
        "useType": "UNUSED"
      },
      {
        "__class__": "AnalyzedVariable",
        "declaration": {
          "__class__": "VariableDeclaration",
          "value": {
            "__class__": "BoolLiteral",
            "value": true,
            "range": {
              "__class__": "Pair",
              "first": {
                "__class__": "Location",
                "value": 88
              },
              "second": {
                "__class__": "Location",
                "value": 91
              }
            }
          },
          "identifier": "longerVariableName",
          "range": {
            "__class__": "Pair",
            "first": {
              "__class__": "Location",
              "value": 63
            },
            "second": {
              "__class__": "Location",
              "value": 91
            }
          }
        },
        "definedIn": {
          "__class__": "FunctionDeclaration",
          "arguments": [],
          "body": {
            "__class__": "Block",
            "expressions": [
              {
                "__class__": "Block",
                "expressions": [
                  {
                    "__class__": "VariableDeclaration",
                    "value": {
                      "__class__": "IntLiteral",
                      "value": 7,
                      "range": {
                        "__class__": "Pair",
                        "first": {
                          "__class__": "Location",
                          "value": 60
                        },
                        "second": {
                          "__class__": "Location",
                          "value": 60
                        }
                      }
                    },
                    "identifier": "i",
                    "range": {
                      "__class__": "Pair",
                      "first": {
                        "__class__": "Location",
                        "value": 52
                      },
                      "second": {
                        "__class__": "Location",
                        "value": 60
                      }
                    }
                  },
                  {
                    "__class__": "VariableDeclaration",
                    "value": {
                      "__class__": "BoolLiteral",
                      "value": true,
                      "range": {
                        "__class__": "Pair",
                        "first": {
                          "__class__": "Location",
                          "value": 88
                        },
                        "second": {
                          "__class__": "Location",
                          "value": 91
                        }
                      }
                    },
                    "identifier": "longerVariableName",
                    "range": {
                      "__class__": "Pair",
                      "first": {
                        "__class__": "Location",
                        "value": 63
                      },
                      "second": {
                        "__class__": "Location",
                        "value": 91
                      }
                    }
                  },
                  {
                    "__class__": "VariableDeclaration",
                    "value": {
                      "__class__": "IntLiteral",
                      "value": 1,
                      "range": {
                        "__class__": "Pair",
                        "first": {
                          "__class__": "Location",
                          "value": 161
                        },
                        "second": {
                          "__class__": "Location",
                          "value": 161
                        }
                      }
                    },
                    "identifier": "_internal_use_variable_",
                    "range": {
                      "__class__": "Pair",
                      "first": {
                        "__class__": "Location",
                        "value": 131
                      },
                      "second": {
                        "__class__": "Location",
                        "value": 161
                      }
                    }
                  },
                  {
                    "__class__": "VariableDeclaration",
                    "type": {
                      "__class__": "Basic",
                      "identifier": "Int",
                      "range": {
                        "__class__": "Pair",
                        "first": {
                          "__class__": "Location",
                          "value": 224
                        },
                        "second": {
                          "__class__": "Location",
                          "value": 226
                        }
                      }
                    },
                    "value": {
                      "__class__": "IntLiteral",
                      "value": 0,
                      "range": {
                        "__class__": "Pair",
                        "first": {
                          "__class__": "Location",
                          "value": 230
                        },
                        "second": {
                          "__class__": "Location",
                          "value": 230
                        }
                      }
                    },
                    "identifier": "count",
                    "range": {
                      "__class__": "Pair",
                      "first": {
                        "__class__": "Location",
                        "value": 213
                      },
                      "second": {
                        "__class__": "Location",
                        "value": 230
                      }
                    }
                  },
                  {
                    "__class__": "VariableDeclaration",
                    "type": {
                      "__class__": "Basic",
                      "identifier": "Bool",
                      "range": {
                        "__class__": "Pair",
                        "first": {
                          "__class__": "Location",
                          "value": 244
                        },
                        "second": {
                          "__class__": "Location",
                          "value": 247
                        }
                      }
                    },
                    "value": {
                      "__class__": "BoolLiteral",
                      "value": false,
                      "range": {
                        "__class__": "Pair",
                        "first": {
                          "__class__": "Location",
                          "value": 251
                        },
                        "second": {
                          "__class__": "Location",
                          "value": 255
                        }
                      }
                    },
                    "identifier": "check",
                    "range": {
                      "__class__": "Pair",
                      "first": {
                        "__class__": "Location",
                        "value": 233
                      },
                      "second": {
                        "__class__": "Location",
                        "value": 255
                      }
                    }
                  },
                  {
                    "__class__": "FunctionDeclaration",
                    "arguments": [
                      {
                        "__class__": "FunctionArgument",
                        "type": {
                          "__class__": "Basic",
                          "identifier": "Int",
                          "range": {
                            "__class__": "Pair",
                            "first": {
                              "__class__": "Location",
                              "value": 308
                            },
                            "second": {
                              "__class__": "Location",
                              "value": 310
                            }
                          }
                        },
                        "identifier": "x",
                        "range": {
                          "__class__": "Pair",
                          "first": {
                            "__class__": "Location",
                            "value": 305
                          },
                          "second": {
                            "__class__": "Location",
                            "value": 310
                          }
                        }
                      }
                    ],
                    "body": {
                      "__class__": "VariableUse",
                      "identifier": "x",
                      "range": {
                        "__class__": "Pair",
                        "first": {
                          "__class__": "Location",
                          "value": 323
                        },
                        "second": {
                          "__class__": "Location",
                          "value": 323
                        }
                      }
                    },
                    "returnType": {
                      "__class__": "Basic",
                      "identifier": "Int",
                      "range": {
                        "__class__": "Pair",
                        "first": {
                          "__class__": "Location",
                          "value": 316
                        },
                        "second": {
                          "__class__": "Location",
                          "value": 318
                        }
                      }
                    },
                    "identifier": "function",
                    "range": {
                      "__class__": "Pair",
                      "first": {
                        "__class__": "Location",
                        "value": 289
                      },
                      "second": {
                        "__class__": "Location",
                        "value": 323
                      }
                    }
                  },
                  {
                    "__class__": "Empty",
                    "range": {
                      "__class__": "Pair",
                      "first": {
                        "__class__": "Location",
                        "value": 323
                      },
                      "second": {
                        "__class__": "Location",
                        "value": 323
                      }
                    }
                  }
                ],
                "range": {
                  "__class__": "Pair",
                  "first": {
                    "__class__": "Location",
                    "value": 52
                  },
                  "second": {
                    "__class__": "Location",
                    "value": 324
                  }
                }
              },
              {
                "__class__": "Empty",
                "range": {
                  "__class__": "Pair",
                  "first": {
                    "__class__": "Location",
                    "value": 325
                  },
                  "second": {
                    "__class__": "Location",
                    "value": 325
                  }
                }
              }
            ],
            "range": {
              "__class__": "Pair",
              "first": {
                "__class__": "Location",
                "value": 0
              },
              "second": {
                "__class__": "Location",
                "value": 325
              }
            }
          },
          "type": {
            "__class__": "Functional",
            "argumentsType": [],
            "returnType": {
              "__class__": "Basic",
              "identifier": "Unit",
              "range": {
                "__class__": "Pair",
                "first": {
                  "__class__": "Location",
                  "value": -1
                },
                "second": {
                  "__class__": "Location",
                  "value": -1
                }
              }
            },
            "range": {
              "__class__": "Pair",
              "first": {
                "__class__": "Location",
                "value": -1
              },
              "second": {
                "__class__": "Location",
                "value": -1
              }
            }
          },
          "returnType": {
            "__class__": "Basic",
            "identifier": "Unit",
            "range": {
              "__class__": "Pair",
              "first": {
                "__class__": "Location",
                "value": -1
              },
              "second": {
                "__class__": "Location",
                "value": -1
              }
            }
          },
          "identifier": "\u003cprogram\u003e",
          "range": {
            "__class__": "Pair",
            "first": {
              "__class__": "Location",
              "value": -1
            },
            "second": {
              "__class__": "Location",
              "value": 325
            }
          }
        },
        "useType": "UNUSED"
      },
      {
        "__class__": "AnalyzedVariable",
        "declaration": {
          "__class__": "VariableDeclaration",
          "value": {
            "__class__": "IntLiteral",
            "value": 1,
            "range": {
              "__class__": "Pair",
              "first": {
                "__class__": "Location",
                "value": 161
              },
              "second": {
                "__class__": "Location",
                "value": 161
              }
            }
          },
          "identifier": "_internal_use_variable_",
          "range": {
            "__class__": "Pair",
            "first": {
              "__class__": "Location",
              "value": 131
            },
            "second": {
              "__class__": "Location",
              "value": 161
            }
          }
        },
        "definedIn": {
          "__class__": "FunctionDeclaration",
          "arguments": [],
          "body": {
            "__class__": "Block",
            "expressions": [
              {
                "__class__": "Block",
                "expressions": [
                  {
                    "__class__": "VariableDeclaration",
                    "value": {
                      "__class__": "IntLiteral",
                      "value": 7,
                      "range": {
                        "__class__": "Pair",
                        "first": {
                          "__class__": "Location",
                          "value": 60
                        },
                        "second": {
                          "__class__": "Location",
                          "value": 60
                        }
                      }
                    },
                    "identifier": "i",
                    "range": {
                      "__class__": "Pair",
                      "first": {
                        "__class__": "Location",
                        "value": 52
                      },
                      "second": {
                        "__class__": "Location",
                        "value": 60
                      }
                    }
                  },
                  {
                    "__class__": "VariableDeclaration",
                    "value": {
                      "__class__": "BoolLiteral",
                      "value": true,
                      "range": {
                        "__class__": "Pair",
                        "first": {
                          "__class__": "Location",
                          "value": 88
                        },
                        "second": {
                          "__class__": "Location",
                          "value": 91
                        }
                      }
                    },
                    "identifier": "longerVariableName",
                    "range": {
                      "__class__": "Pair",
                      "first": {
                        "__class__": "Location",
                        "value": 63
                      },
                      "second": {
                        "__class__": "Location",
                        "value": 91
                      }
                    }
                  },
                  {
                    "__class__": "VariableDeclaration",
                    "value": {
                      "__class__": "IntLiteral",
                      "value": 1,
                      "range": {
                        "__class__": "Pair",
                        "first": {
                          "__class__": "Location",
                          "value": 161
                        },
                        "second": {
                          "__class__": "Location",
                          "value": 161
                        }
                      }
                    },
                    "identifier": "_internal_use_variable_",
                    "range": {
                      "__class__": "Pair",
                      "first": {
                        "__class__": "Location",
                        "value": 131
                      },
                      "second": {
                        "__class__": "Location",
                        "value": 161
                      }
                    }
                  },
                  {
                    "__class__": "VariableDeclaration",
                    "type": {
                      "__class__": "Basic",
                      "identifier": "Int",
                      "range": {
                        "__class__": "Pair",
                        "first": {
                          "__class__": "Location",
                          "value": 224
                        },
                        "second": {
                          "__class__": "Location",
                          "value": 226
                        }
                      }
                    },
                    "value": {
                      "__class__": "IntLiteral",
                      "value": 0,
                      "range": {
                        "__class__": "Pair",
                        "first": {
                          "__class__": "Location",
                          "value": 230
                        },
                        "second": {
                          "__class__": "Location",
                          "value": 230
                        }
                      }
                    },
                    "identifier": "count",
                    "range": {
                      "__class__": "Pair",
                      "first": {
                        "__class__": "Location",
                        "value": 213
                      },
                      "second": {
                        "__class__": "Location",
                        "value": 230
                      }
                    }
                  },
                  {
                    "__class__": "VariableDeclaration",
                    "type": {
                      "__class__": "Basic",
                      "identifier": "Bool",
                      "range": {
                        "__class__": "Pair",
                        "first": {
                          "__class__": "Location",
                          "value": 244
                        },
                        "second": {
                          "__class__": "Location",
                          "value": 247
                        }
                      }
                    },
                    "value": {
                      "__class__": "BoolLiteral",
                      "value": false,
                      "range": {
                        "__class__": "Pair",
                        "first": {
                          "__class__": "Location",
                          "value": 251
                        },
                        "second": {
                          "__class__": "Location",
                          "value": 255
                        }
                      }
                    },
                    "identifier": "check",
                    "range": {
                      "__class__": "Pair",
                      "first": {
                        "__class__": "Location",
                        "value": 233
                      },
                      "second": {
                        "__class__": "Location",
                        "value": 255
                      }
                    }
                  },
                  {
                    "__class__": "FunctionDeclaration",
                    "arguments": [
                      {
                        "__class__": "FunctionArgument",
                        "type": {
                          "__class__": "Basic",
                          "identifier": "Int",
                          "range": {
                            "__class__": "Pair",
                            "first": {
                              "__class__": "Location",
                              "value": 308
                            },
                            "second": {
                              "__class__": "Location",
                              "value": 310
                            }
                          }
                        },
                        "identifier": "x",
                        "range": {
                          "__class__": "Pair",
                          "first": {
                            "__class__": "Location",
                            "value": 305
                          },
                          "second": {
                            "__class__": "Location",
                            "value": 310
                          }
                        }
                      }
                    ],
                    "body": {
                      "__class__": "VariableUse",
                      "identifier": "x",
                      "range": {
                        "__class__": "Pair",
                        "first": {
                          "__class__": "Location",
                          "value": 323
                        },
                        "second": {
                          "__class__": "Location",
                          "value": 323
                        }
                      }
                    },
                    "returnType": {
                      "__class__": "Basic",
                      "identifier": "Int",
                      "range": {
                        "__class__": "Pair",
                        "first": {
                          "__class__": "Location",
                          "value": 316
                        },
                        "second": {
                          "__class__": "Location",
                          "value": 318
                        }
                      }
                    },
                    "identifier": "function",
                    "range": {
                      "__class__": "Pair",
                      "first": {
                        "__class__": "Location",
                        "value": 289
                      },
                      "second": {
                        "__class__": "Location",
                        "value": 323
                      }
                    }
                  },
                  {
                    "__class__": "Empty",
                    "range": {
                      "__class__": "Pair",
                      "first": {
                        "__class__": "Location",
                        "value": 323
                      },
                      "second": {
                        "__class__": "Location",
                        "value": 323
                      }
                    }
                  }
                ],
                "range": {
                  "__class__": "Pair",
                  "first": {
                    "__class__": "Location",
                    "value": 52
                  },
                  "second": {
                    "__class__": "Location",
                    "value": 324
                  }
                }
              },
              {
                "__class__": "Empty",
                "range": {
                  "__class__": "Pair",
                  "first": {
                    "__class__": "Location",
                    "value": 325
                  },
                  "second": {
                    "__class__": "Location",
                    "value": 325
                  }
                }
              }
            ],
            "range": {
              "__class__": "Pair",
              "first": {
                "__class__": "Location",
                "value": 0
              },
              "second": {
                "__class__": "Location",
                "value": 325
              }
            }
          },
          "type": {
            "__class__": "Functional",
            "argumentsType": [],
            "returnType": {
              "__class__": "Basic",
              "identifier": "Unit",
              "range": {
                "__class__": "Pair",
                "first": {
                  "__class__": "Location",
                  "value": -1
                },
                "second": {
                  "__class__": "Location",
                  "value": -1
                }
              }
            },
            "range": {
              "__class__": "Pair",
              "first": {
                "__class__": "Location",
                "value": -1
              },
              "second": {
                "__class__": "Location",
                "value": -1
              }
            }
          },
          "returnType": {
            "__class__": "Basic",
            "identifier": "Unit",
            "range": {
              "__class__": "Pair",
              "first": {
                "__class__": "Location",
                "value": -1
              },
              "second": {
                "__class__": "Location",
                "value": -1
              }
            }
          },
          "identifier": "\u003cprogram\u003e",
          "range": {
            "__class__": "Pair",
            "first": {
              "__class__": "Location",
              "value": -1
            },
            "second": {
              "__class__": "Location",
              "value": 325
            }
          }
        },
        "useType": "UNUSED"
      },
      {
        "__class__": "AnalyzedVariable",
        "declaration": {
          "__class__": "VariableDeclaration",
          "type": {
            "__class__": "Basic",
            "identifier": "Int",
            "range": {
              "__class__": "Pair",
              "first": {
                "__class__": "Location",
                "value": 224
              },
              "second": {
                "__class__": "Location",
                "value": 226
              }
            }
          },
          "value": {
            "__class__": "IntLiteral",
            "value": 0,
            "range": {
              "__class__": "Pair",
              "first": {
                "__class__": "Location",
                "value": 230
              },
              "second": {
                "__class__": "Location",
                "value": 230
              }
            }
          },
          "identifier": "count",
          "range": {
            "__class__": "Pair",
            "first": {
              "__class__": "Location",
              "value": 213
            },
            "second": {
              "__class__": "Location",
              "value": 230
            }
          }
        },
        "definedIn": {
          "__class__": "FunctionDeclaration",
          "arguments": [],
          "body": {
            "__class__": "Block",
            "expressions": [
              {
                "__class__": "Block",
                "expressions": [
                  {
                    "__class__": "VariableDeclaration",
                    "value": {
                      "__class__": "IntLiteral",
                      "value": 7,
                      "range": {
                        "__class__": "Pair",
                        "first": {
                          "__class__": "Location",
                          "value": 60
                        },
                        "second": {
                          "__class__": "Location",
                          "value": 60
                        }
                      }
                    },
                    "identifier": "i",
                    "range": {
                      "__class__": "Pair",
                      "first": {
                        "__class__": "Location",
                        "value": 52
                      },
                      "second": {
                        "__class__": "Location",
                        "value": 60
                      }
                    }
                  },
                  {
                    "__class__": "VariableDeclaration",
                    "value": {
                      "__class__": "BoolLiteral",
                      "value": true,
                      "range": {
                        "__class__": "Pair",
                        "first": {
                          "__class__": "Location",
                          "value": 88
                        },
                        "second": {
                          "__class__": "Location",
                          "value": 91
                        }
                      }
                    },
                    "identifier": "longerVariableName",
                    "range": {
                      "__class__": "Pair",
                      "first": {
                        "__class__": "Location",
                        "value": 63
                      },
                      "second": {
                        "__class__": "Location",
                        "value": 91
                      }
                    }
                  },
                  {
                    "__class__": "VariableDeclaration",
                    "value": {
                      "__class__": "IntLiteral",
                      "value": 1,
                      "range": {
                        "__class__": "Pair",
                        "first": {
                          "__class__": "Location",
                          "value": 161
                        },
                        "second": {
                          "__class__": "Location",
                          "value": 161
                        }
                      }
                    },
                    "identifier": "_internal_use_variable_",
                    "range": {
                      "__class__": "Pair",
                      "first": {
                        "__class__": "Location",
                        "value": 131
                      },
                      "second": {
                        "__class__": "Location",
                        "value": 161
                      }
                    }
                  },
                  {
                    "__class__": "VariableDeclaration",
                    "type": {
                      "__class__": "Basic",
                      "identifier": "Int",
                      "range": {
                        "__class__": "Pair",
                        "first": {
                          "__class__": "Location",
                          "value": 224
                        },
                        "second": {
                          "__class__": "Location",
                          "value": 226
                        }
                      }
                    },
                    "value": {
                      "__class__": "IntLiteral",
                      "value": 0,
                      "range": {
                        "__class__": "Pair",
                        "first": {
                          "__class__": "Location",
                          "value": 230
                        },
                        "second": {
                          "__class__": "Location",
                          "value": 230
                        }
                      }
                    },
                    "identifier": "count",
                    "range": {
                      "__class__": "Pair",
                      "first": {
                        "__class__": "Location",
                        "value": 213
                      },
                      "second": {
                        "__class__": "Location",
                        "value": 230
                      }
                    }
                  },
                  {
                    "__class__": "VariableDeclaration",
                    "type": {
                      "__class__": "Basic",
                      "identifier": "Bool",
                      "range": {
                        "__class__": "Pair",
                        "first": {
                          "__class__": "Location",
                          "value": 244
                        },
                        "second": {
                          "__class__": "Location",
                          "value": 247
                        }
                      }
                    },
                    "value": {
                      "__class__": "BoolLiteral",
                      "value": false,
                      "range": {
                        "__class__": "Pair",
                        "first": {
                          "__class__": "Location",
                          "value": 251
                        },
                        "second": {
                          "__class__": "Location",
                          "value": 255
                        }
                      }
                    },
                    "identifier": "check",
                    "range": {
                      "__class__": "Pair",
                      "first": {
                        "__class__": "Location",
                        "value": 233
                      },
                      "second": {
                        "__class__": "Location",
                        "value": 255
                      }
                    }
                  },
                  {
                    "__class__": "FunctionDeclaration",
                    "arguments": [
                      {
                        "__class__": "FunctionArgument",
                        "type": {
                          "__class__": "Basic",
                          "identifier": "Int",
                          "range": {
                            "__class__": "Pair",
                            "first": {
                              "__class__": "Location",
                              "value": 308
                            },
                            "second": {
                              "__class__": "Location",
                              "value": 310
                            }
                          }
                        },
                        "identifier": "x",
                        "range": {
                          "__class__": "Pair",
                          "first": {
                            "__class__": "Location",
                            "value": 305
                          },
                          "second": {
                            "__class__": "Location",
                            "value": 310
                          }
                        }
                      }
                    ],
                    "body": {
                      "__class__": "VariableUse",
                      "identifier": "x",
                      "range": {
                        "__class__": "Pair",
                        "first": {
                          "__class__": "Location",
                          "value": 323
                        },
                        "second": {
                          "__class__": "Location",
                          "value": 323
                        }
                      }
                    },
                    "returnType": {
                      "__class__": "Basic",
                      "identifier": "Int",
                      "range": {
                        "__class__": "Pair",
                        "first": {
                          "__class__": "Location",
                          "value": 316
                        },
                        "second": {
                          "__class__": "Location",
                          "value": 318
                        }
                      }
                    },
                    "identifier": "function",
                    "range": {
                      "__class__": "Pair",
                      "first": {
                        "__class__": "Location",
                        "value": 289
                      },
                      "second": {
                        "__class__": "Location",
                        "value": 323
                      }
                    }
                  },
                  {
                    "__class__": "Empty",
                    "range": {
                      "__class__": "Pair",
                      "first": {
                        "__class__": "Location",
                        "value": 323
                      },
                      "second": {
                        "__class__": "Location",
                        "value": 323
                      }
                    }
                  }
                ],
                "range": {
                  "__class__": "Pair",
                  "first": {
                    "__class__": "Location",
                    "value": 52
                  },
                  "second": {
                    "__class__": "Location",
                    "value": 324
                  }
                }
              },
              {
                "__class__": "Empty",
                "range": {
                  "__class__": "Pair",
                  "first": {
                    "__class__": "Location",
                    "value": 325
                  },
                  "second": {
                    "__class__": "Location",
                    "value": 325
                  }
                }
              }
            ],
            "range": {
              "__class__": "Pair",
              "first": {
                "__class__": "Location",
                "value": 0
              },
              "second": {
                "__class__": "Location",
                "value": 325
              }
            }
          },
          "type": {
            "__class__": "Functional",
            "argumentsType": [],
            "returnType": {
              "__class__": "Basic",
              "identifier": "Unit",
              "range": {
                "__class__": "Pair",
                "first": {
                  "__class__": "Location",
                  "value": -1
                },
                "second": {
                  "__class__": "Location",
                  "value": -1
                }
              }
            },
            "range": {
              "__class__": "Pair",
              "first": {
                "__class__": "Location",
                "value": -1
              },
              "second": {
                "__class__": "Location",
                "value": -1
              }
            }
          },
          "returnType": {
            "__class__": "Basic",
            "identifier": "Unit",
            "range": {
              "__class__": "Pair",
              "first": {
                "__class__": "Location",
                "value": -1
              },
              "second": {
                "__class__": "Location",
                "value": -1
              }
            }
          },
          "identifier": "\u003cprogram\u003e",
          "range": {
            "__class__": "Pair",
            "first": {
              "__class__": "Location",
              "value": -1
            },
            "second": {
              "__class__": "Location",
              "value": 325
            }
          }
        },
        "useType": "UNUSED"
      },
      {
        "__class__": "AnalyzedVariable",
        "declaration": {
          "__class__": "VariableDeclaration",
          "type": {
            "__class__": "Basic",
            "identifier": "Bool",
            "range": {
              "__class__": "Pair",
              "first": {
                "__class__": "Location",
                "value": 244
              },
              "second": {
                "__class__": "Location",
                "value": 247
              }
            }
          },
          "value": {
            "__class__": "BoolLiteral",
            "value": false,
            "range": {
              "__class__": "Pair",
              "first": {
                "__class__": "Location",
                "value": 251
              },
              "second": {
                "__class__": "Location",
                "value": 255
              }
            }
          },
          "identifier": "check",
          "range": {
            "__class__": "Pair",
            "first": {
              "__class__": "Location",
              "value": 233
            },
            "second": {
              "__class__": "Location",
              "value": 255
            }
          }
        },
        "definedIn": {
          "__class__": "FunctionDeclaration",
          "arguments": [],
          "body": {
            "__class__": "Block",
            "expressions": [
              {
                "__class__": "Block",
                "expressions": [
                  {
                    "__class__": "VariableDeclaration",
                    "value": {
                      "__class__": "IntLiteral",
                      "value": 7,
                      "range": {
                        "__class__": "Pair",
                        "first": {
                          "__class__": "Location",
                          "value": 60
                        },
                        "second": {
                          "__class__": "Location",
                          "value": 60
                        }
                      }
                    },
                    "identifier": "i",
                    "range": {
                      "__class__": "Pair",
                      "first": {
                        "__class__": "Location",
                        "value": 52
                      },
                      "second": {
                        "__class__": "Location",
                        "value": 60
                      }
                    }
                  },
                  {
                    "__class__": "VariableDeclaration",
                    "value": {
                      "__class__": "BoolLiteral",
                      "value": true,
                      "range": {
                        "__class__": "Pair",
                        "first": {
                          "__class__": "Location",
                          "value": 88
                        },
                        "second": {
                          "__class__": "Location",
                          "value": 91
                        }
                      }
                    },
                    "identifier": "longerVariableName",
                    "range": {
                      "__class__": "Pair",
                      "first": {
                        "__class__": "Location",
                        "value": 63
                      },
                      "second": {
                        "__class__": "Location",
                        "value": 91
                      }
                    }
                  },
                  {
                    "__class__": "VariableDeclaration",
                    "value": {
                      "__class__": "IntLiteral",
                      "value": 1,
                      "range": {
                        "__class__": "Pair",
                        "first": {
                          "__class__": "Location",
                          "value": 161
                        },
                        "second": {
                          "__class__": "Location",
                          "value": 161
                        }
                      }
                    },
                    "identifier": "_internal_use_variable_",
                    "range": {
                      "__class__": "Pair",
                      "first": {
                        "__class__": "Location",
                        "value": 131
                      },
                      "second": {
                        "__class__": "Location",
                        "value": 161
                      }
                    }
                  },
                  {
                    "__class__": "VariableDeclaration",
                    "type": {
                      "__class__": "Basic",
                      "identifier": "Int",
                      "range": {
                        "__class__": "Pair",
                        "first": {
                          "__class__": "Location",
                          "value": 224
                        },
                        "second": {
                          "__class__": "Location",
                          "value": 226
                        }
                      }
                    },
                    "value": {
                      "__class__": "IntLiteral",
                      "value": 0,
                      "range": {
                        "__class__": "Pair",
                        "first": {
                          "__class__": "Location",
                          "value": 230
                        },
                        "second": {
                          "__class__": "Location",
                          "value": 230
                        }
                      }
                    },
                    "identifier": "count",
                    "range": {
                      "__class__": "Pair",
                      "first": {
                        "__class__": "Location",
                        "value": 213
                      },
                      "second": {
                        "__class__": "Location",
                        "value": 230
                      }
                    }
                  },
                  {
                    "__class__": "VariableDeclaration",
                    "type": {
                      "__class__": "Basic",
                      "identifier": "Bool",
                      "range": {
                        "__class__": "Pair",
                        "first": {
                          "__class__": "Location",
                          "value": 244
                        },
                        "second": {
                          "__class__": "Location",
                          "value": 247
                        }
                      }
                    },
                    "value": {
                      "__class__": "BoolLiteral",
                      "value": false,
                      "range": {
                        "__class__": "Pair",
                        "first": {
                          "__class__": "Location",
                          "value": 251
                        },
                        "second": {
                          "__class__": "Location",
                          "value": 255
                        }
                      }
                    },
                    "identifier": "check",
                    "range": {
                      "__class__": "Pair",
                      "first": {
                        "__class__": "Location",
                        "value": 233
                      },
                      "second": {
                        "__class__": "Location",
                        "value": 255
                      }
                    }
                  },
                  {
                    "__class__": "FunctionDeclaration",
                    "arguments": [
                      {
                        "__class__": "FunctionArgument",
                        "type": {
                          "__class__": "Basic",
                          "identifier": "Int",
                          "range": {
                            "__class__": "Pair",
                            "first": {
                              "__class__": "Location",
                              "value": 308
                            },
                            "second": {
                              "__class__": "Location",
                              "value": 310
                            }
                          }
                        },
                        "identifier": "x",
                        "range": {
                          "__class__": "Pair",
                          "first": {
                            "__class__": "Location",
                            "value": 305
                          },
                          "second": {
                            "__class__": "Location",
                            "value": 310
                          }
                        }
                      }
                    ],
                    "body": {
                      "__class__": "VariableUse",
                      "identifier": "x",
                      "range": {
                        "__class__": "Pair",
                        "first": {
                          "__class__": "Location",
                          "value": 323
                        },
                        "second": {
                          "__class__": "Location",
                          "value": 323
                        }
                      }
                    },
                    "returnType": {
                      "__class__": "Basic",
                      "identifier": "Int",
                      "range": {
                        "__class__": "Pair",
                        "first": {
                          "__class__": "Location",
                          "value": 316
                        },
                        "second": {
                          "__class__": "Location",
                          "value": 318
                        }
                      }
                    },
                    "identifier": "function",
                    "range": {
                      "__class__": "Pair",
                      "first": {
                        "__class__": "Location",
                        "value": 289
                      },
                      "second": {
                        "__class__": "Location",
                        "value": 323
                      }
                    }
                  },
                  {
                    "__class__": "Empty",
                    "range": {
                      "__class__": "Pair",
                      "first": {
                        "__class__": "Location",
                        "value": 323
                      },
                      "second": {
                        "__class__": "Location",
                        "value": 323
                      }
                    }
                  }
                ],
                "range": {
                  "__class__": "Pair",
                  "first": {
                    "__class__": "Location",
                    "value": 52
                  },
                  "second": {
                    "__class__": "Location",
                    "value": 324
                  }
                }
              },
              {
                "__class__": "Empty",
                "range": {
                  "__class__": "Pair",
                  "first": {
                    "__class__": "Location",
                    "value": 325
                  },
                  "second": {
                    "__class__": "Location",
                    "value": 325
                  }
                }
              }
            ],
            "range": {
              "__class__": "Pair",
              "first": {
                "__class__": "Location",
                "value": 0
              },
              "second": {
                "__class__": "Location",
                "value": 325
              }
            }
          },
          "type": {
            "__class__": "Functional",
            "argumentsType": [],
            "returnType": {
              "__class__": "Basic",
              "identifier": "Unit",
              "range": {
                "__class__": "Pair",
                "first": {
                  "__class__": "Location",
                  "value": -1
                },
                "second": {
                  "__class__": "Location",
                  "value": -1
                }
              }
            },
            "range": {
              "__class__": "Pair",
              "first": {
                "__class__": "Location",
                "value": -1
              },
              "second": {
                "__class__": "Location",
                "value": -1
              }
            }
          },
          "returnType": {
            "__class__": "Basic",
            "identifier": "Unit",
            "range": {
              "__class__": "Pair",
              "first": {
                "__class__": "Location",
                "value": -1
              },
              "second": {
                "__class__": "Location",
                "value": -1
              }
            }
          },
          "identifier": "\u003cprogram\u003e",
          "range": {
            "__class__": "Pair",
            "first": {
              "__class__": "Location",
              "value": -1
            },
            "second": {
              "__class__": "Location",
              "value": 325
            }
          }
        },
        "useType": "UNUSED"
      }
    ],
    "auxVariables": [],
    "staticDepth": 0,
    "variablesUsedInNestedFunctions": []
  },
  "(Location(value\u003d289), Location(value\u003d323))": {
    "__class__": "AnalyzedFunction",
    "function": {
      "__class__": "FunctionDeclaration",
      "arguments": [
        {
          "__class__": "FunctionArgument",
          "type": {
            "__class__": "Basic",
            "identifier": "Int",
            "range": {
              "__class__": "Pair",
              "first": {
                "__class__": "Location",
                "value": 308
              },
              "second": {
                "__class__": "Location",
                "value": 310
              }
            }
          },
          "identifier": "x",
          "range": {
            "__class__": "Pair",
            "first": {
              "__class__": "Location",
              "value": 305
            },
            "second": {
              "__class__": "Location",
              "value": 310
            }
          }
        }
      ],
      "body": {
        "__class__": "VariableUse",
        "identifier": "x",
        "range": {
          "__class__": "Pair",
          "first": {
            "__class__": "Location",
            "value": 323
          },
          "second": {
            "__class__": "Location",
            "value": 323
          }
        }
      },
      "returnType": {
        "__class__": "Basic",
        "identifier": "Int",
        "range": {
          "__class__": "Pair",
          "first": {
            "__class__": "Location",
            "value": 316
          },
          "second": {
            "__class__": "Location",
            "value": 318
          }
        }
      },
      "identifier": "function",
      "range": {
        "__class__": "Pair",
        "first": {
          "__class__": "Location",
          "value": 289
        },
        "second": {
          "__class__": "Location",
          "value": 323
        }
      }
    },
    "parentLink": {
      "__class__": "ParentLink",
      "parent": {
        "__class__": "FunctionDeclaration",
        "arguments": [],
        "body": {
          "__class__": "Block",
          "expressions": [
            {
              "__class__": "Block",
              "expressions": [
                {
                  "__class__": "VariableDeclaration",
                  "value": {
                    "__class__": "IntLiteral",
                    "value": 7,
                    "range": {
                      "__class__": "Pair",
                      "first": {
                        "__class__": "Location",
                        "value": 60
                      },
                      "second": {
                        "__class__": "Location",
                        "value": 60
                      }
                    }
                  },
                  "identifier": "i",
                  "range": {
                    "__class__": "Pair",
                    "first": {
                      "__class__": "Location",
                      "value": 52
                    },
                    "second": {
                      "__class__": "Location",
                      "value": 60
                    }
                  }
                },
                {
                  "__class__": "VariableDeclaration",
                  "value": {
                    "__class__": "BoolLiteral",
                    "value": true,
                    "range": {
                      "__class__": "Pair",
                      "first": {
                        "__class__": "Location",
                        "value": 88
                      },
                      "second": {
                        "__class__": "Location",
                        "value": 91
                      }
                    }
                  },
                  "identifier": "longerVariableName",
                  "range": {
                    "__class__": "Pair",
                    "first": {
                      "__class__": "Location",
                      "value": 63
                    },
                    "second": {
                      "__class__": "Location",
                      "value": 91
                    }
                  }
                },
                {
                  "__class__": "VariableDeclaration",
                  "value": {
                    "__class__": "IntLiteral",
                    "value": 1,
                    "range": {
                      "__class__": "Pair",
                      "first": {
                        "__class__": "Location",
                        "value": 161
                      },
                      "second": {
                        "__class__": "Location",
                        "value": 161
                      }
                    }
                  },
                  "identifier": "_internal_use_variable_",
                  "range": {
                    "__class__": "Pair",
                    "first": {
                      "__class__": "Location",
                      "value": 131
                    },
                    "second": {
                      "__class__": "Location",
                      "value": 161
                    }
                  }
                },
                {
                  "__class__": "VariableDeclaration",
                  "type": {
                    "__class__": "Basic",
                    "identifier": "Int",
                    "range": {
                      "__class__": "Pair",
                      "first": {
                        "__class__": "Location",
                        "value": 224
                      },
                      "second": {
                        "__class__": "Location",
                        "value": 226
                      }
                    }
                  },
                  "value": {
                    "__class__": "IntLiteral",
                    "value": 0,
                    "range": {
                      "__class__": "Pair",
                      "first": {
                        "__class__": "Location",
                        "value": 230
                      },
                      "second": {
                        "__class__": "Location",
                        "value": 230
                      }
                    }
                  },
                  "identifier": "count",
                  "range": {
                    "__class__": "Pair",
                    "first": {
                      "__class__": "Location",
                      "value": 213
                    },
                    "second": {
                      "__class__": "Location",
                      "value": 230
                    }
                  }
                },
                {
                  "__class__": "VariableDeclaration",
                  "type": {
                    "__class__": "Basic",
                    "identifier": "Bool",
                    "range": {
                      "__class__": "Pair",
                      "first": {
                        "__class__": "Location",
                        "value": 244
                      },
                      "second": {
                        "__class__": "Location",
                        "value": 247
                      }
                    }
                  },
                  "value": {
                    "__class__": "BoolLiteral",
                    "value": false,
                    "range": {
                      "__class__": "Pair",
                      "first": {
                        "__class__": "Location",
                        "value": 251
                      },
                      "second": {
                        "__class__": "Location",
                        "value": 255
                      }
                    }
                  },
                  "identifier": "check",
                  "range": {
                    "__class__": "Pair",
                    "first": {
                      "__class__": "Location",
                      "value": 233
                    },
                    "second": {
                      "__class__": "Location",
                      "value": 255
                    }
                  }
                },
                {
                  "__class__": "FunctionDeclaration",
                  "arguments": [
                    {
                      "__class__": "FunctionArgument",
                      "type": {
                        "__class__": "Basic",
                        "identifier": "Int",
                        "range": {
                          "__class__": "Pair",
                          "first": {
                            "__class__": "Location",
                            "value": 308
                          },
                          "second": {
                            "__class__": "Location",
                            "value": 310
                          }
                        }
                      },
                      "identifier": "x",
                      "range": {
                        "__class__": "Pair",
                        "first": {
                          "__class__": "Location",
                          "value": 305
                        },
                        "second": {
                          "__class__": "Location",
                          "value": 310
                        }
                      }
                    }
                  ],
                  "body": {
                    "__class__": "VariableUse",
                    "identifier": "x",
                    "range": {
                      "__class__": "Pair",
                      "first": {
                        "__class__": "Location",
                        "value": 323
                      },
                      "second": {
                        "__class__": "Location",
                        "value": 323
                      }
                    }
                  },
                  "returnType": {
                    "__class__": "Basic",
                    "identifier": "Int",
                    "range": {
                      "__class__": "Pair",
                      "first": {
                        "__class__": "Location",
                        "value": 316
                      },
                      "second": {
                        "__class__": "Location",
                        "value": 318
                      }
                    }
                  },
                  "identifier": "function",
                  "range": {
                    "__class__": "Pair",
                    "first": {
                      "__class__": "Location",
                      "value": 289
                    },
                    "second": {
                      "__class__": "Location",
                      "value": 323
                    }
                  }
                },
                {
                  "__class__": "Empty",
                  "range": {
                    "__class__": "Pair",
                    "first": {
                      "__class__": "Location",
                      "value": 323
                    },
                    "second": {
                      "__class__": "Location",
                      "value": 323
                    }
                  }
                }
              ],
              "range": {
                "__class__": "Pair",
                "first": {
                  "__class__": "Location",
                  "value": 52
                },
                "second": {
                  "__class__": "Location",
                  "value": 324
                }
              }
            },
            {
              "__class__": "Empty",
              "range": {
                "__class__": "Pair",
                "first": {
                  "__class__": "Location",
                  "value": 325
                },
                "second": {
                  "__class__": "Location",
                  "value": 325
                }
              }
            }
          ],
          "range": {
            "__class__": "Pair",
            "first": {
              "__class__": "Location",
              "value": 0
            },
            "second": {
              "__class__": "Location",
              "value": 325
            }
          }
        },
        "type": {
          "__class__": "Functional",
          "argumentsType": [],
          "returnType": {
            "__class__": "Basic",
            "identifier": "Unit",
            "range": {
              "__class__": "Pair",
              "first": {
                "__class__": "Location",
                "value": -1
              },
              "second": {
                "__class__": "Location",
                "value": -1
              }
            }
          },
          "range": {
            "__class__": "Pair",
            "first": {
              "__class__": "Location",
              "value": -1
            },
            "second": {
              "__class__": "Location",
              "value": -1
            }
          }
        },
        "returnType": {
          "__class__": "Basic",
          "identifier": "Unit",
          "range": {
            "__class__": "Pair",
            "first": {
              "__class__": "Location",
              "value": -1
            },
            "second": {
              "__class__": "Location",
              "value": -1
            }
          }
        },
        "identifier": "\u003cprogram\u003e",
        "range": {
          "__class__": "Pair",
          "first": {
            "__class__": "Location",
            "value": -1
          },
          "second": {
            "__class__": "Location",
            "value": 325
          }
        }
      },
      "used": false
    },
    "variables": [
      {
        "__class__": "AnalyzedVariable",
        "declaration": {
          "__class__": "FunctionArgument",
          "type": {
            "__class__": "Basic",
            "identifier": "Int",
            "range": {
              "__class__": "Pair",
              "first": {
                "__class__": "Location",
                "value": 308
              },
              "second": {
                "__class__": "Location",
                "value": 310
              }
            }
          },
          "identifier": "x",
          "range": {
            "__class__": "Pair",
            "first": {
              "__class__": "Location",
              "value": 305
            },
            "second": {
              "__class__": "Location",
              "value": 310
            }
          }
        },
        "definedIn": {
          "__class__": "FunctionDeclaration",
          "arguments": [
            {
              "__class__": "FunctionArgument",
              "type": {
                "__class__": "Basic",
                "identifier": "Int",
                "range": {
                  "__class__": "Pair",
                  "first": {
                    "__class__": "Location",
                    "value": 308
                  },
                  "second": {
                    "__class__": "Location",
                    "value": 310
                  }
                }
              },
              "identifier": "x",
              "range": {
                "__class__": "Pair",
                "first": {
                  "__class__": "Location",
                  "value": 305
                },
                "second": {
                  "__class__": "Location",
                  "value": 310
                }
              }
            }
          ],
          "body": {
            "__class__": "VariableUse",
            "identifier": "x",
            "range": {
              "__class__": "Pair",
              "first": {
                "__class__": "Location",
                "value": 323
              },
              "second": {
                "__class__": "Location",
                "value": 323
              }
            }
          },
          "returnType": {
            "__class__": "Basic",
            "identifier": "Int",
            "range": {
              "__class__": "Pair",
              "first": {
                "__class__": "Location",
                "value": 316
              },
              "second": {
                "__class__": "Location",
                "value": 318
              }
            }
          },
          "identifier": "function",
          "range": {
            "__class__": "Pair",
            "first": {
              "__class__": "Location",
              "value": 289
            },
            "second": {
              "__class__": "Location",
              "value": 323
            }
          }
        },
        "useType": "READ"
      }
    ],
    "auxVariables": [],
    "staticDepth": 1,
    "variablesUsedInNestedFunctions": []
  }
}