{
  "__class__": "LinkedHashMap",
  "(Location(value\u003d77), Location(value\u003d86))": {
    "__class__": "Pair",
    "first": {
      "__class__": "Location",
      "value": 0
    },
    "second": {
      "__class__": "Location",
      "value": 34
    }
  },
  "(Location(value\u003d95), Location(value\u003d103))": {
    "__class__": "Pair",
    "first": {
      "__class__": "Location",
      "value": 37
    },
    "second": {
      "__class__": "Location",
      "value": 68
    }
  },
  "(Location(value\u003d107), Location(value\u003d107))": {
    "__class__": "Pair",
    "first": {
      "__class__": "Location",
      "value": -1
    },
    "second": {
      "__class__": "Location",
      "value": 107
    }
  }
}