{
  "__class__": "LinkedHashMap",
  "(Location(value\u003d-1), Location(value\u003d37))": {
    "__class__": "AnalyzedFunction",
    "function": {
      "__class__": "FunctionDefinition",
      "arguments": [],
      "body": {
        "__class__": "Block",
        "expressions": [
          {
            "__class__": "Block",
            "expressions": [
              {
                "__class__": "VariableDeclaration",
                "type": {
                  "__class__": "Basic",
                  "identifier": "Unit",
                  "range": {
                    "__class__": "Pair",
                    "first": {
                      "__class__": "Location",
                      "value": 7
                    },
                    "second": {
                      "__class__": "Location",
                      "value": 10
                    }
                  }
                },
                "value": {
                  "__class__": "WhileStatement",
                  "testExpression": {
                    "__class__": "BoolLiteral",
                    "value": true,
                    "range": {
                      "__class__": "Pair",
                      "first": {
                        "__class__": "Location",
                        "value": 20
                      },
                      "second": {
                        "__class__": "Location",
                        "value": 23
                      }
                    }
                  },
                  "doExpression": {
                    "__class__": "BoolLiteral",
                    "value": false,
                    "range": {
                      "__class__": "Pair",
                      "first": {
                        "__class__": "Location",
                        "value": 31
                      },
                      "second": {
                        "__class__": "Location",
                        "value": 35
                      }
                    }
                  },
                  "range": {
                    "__class__": "Pair",
                    "first": {
                      "__class__": "Location",
                      "value": 14
                    },
                    "second": {
                      "__class__": "Location",
                      "value": 35
                    }
                  }
                },
                "identifier": "x",
                "range": {
                  "__class__": "Pair",
                  "first": {
                    "__class__": "Location",
                    "value": 0
                  },
                  "second": {
                    "__class__": "Location",
                    "value": 35
                  }
                }
              },
              {
                "__class__": "Empty",
                "range": {
                  "__class__": "Pair",
                  "first": {
                    "__class__": "Location",
                    "value": 35
                  },
                  "second": {
                    "__class__": "Location",
                    "value": 35
                  }
                }
              }
            ],
            "range": {
              "__class__": "Pair",
              "first": {
                "__class__": "Location",
                "value": 0
              },
              "second": {
                "__class__": "Location",
                "value": 36
              }
            }
          },
          {
            "__class__": "ReturnStatement",
            "value": {
              "__class__": "IntLiteral",
              "value": 0,
              "range": {
                "__class__": "Pair",
                "first": {
                  "__class__": "Location",
                  "value": 37
                },
                "second": {
                  "__class__": "Location",
                  "value": 37
                }
              }
            },
            "range": {
              "__class__": "Pair",
              "first": {
                "__class__": "Location",
                "value": 37
              },
              "second": {
                "__class__": "Location",
                "value": 37
              }
            }
          }
        ],
        "range": {
          "__class__": "Pair",
          "first": {
            "__class__": "Location",
            "value": 0
          },
          "second": {
            "__class__": "Location",
            "value": 37
          }
        }
      },
      "type": {
        "__class__": "Functional",
        "argumentsType": [],
        "returnType": {
          "__class__": "Basic",
          "identifier": "Int",
          "range": {
            "__class__": "Pair",
            "first": {
              "__class__": "Location",
              "value": -1
            },
            "second": {
              "__class__": "Location",
              "value": -1
            }
          }
        },
        "range": {
          "__class__": "Pair",
          "first": {
            "__class__": "Location",
            "value": -1
          },
          "second": {
            "__class__": "Location",
            "value": -1
          }
        }
      },
      "returnType": {
        "__class__": "Basic",
        "identifier": "Int",
        "range": {
          "__class__": "Pair",
          "first": {
            "__class__": "Location",
            "value": -1
          },
          "second": {
            "__class__": "Location",
            "value": -1
          }
        }
      },
      "identifier": "\u003cprogram\u003e",
      "range": {
        "__class__": "Pair",
        "first": {
          "__class__": "Location",
          "value": -1
        },
        "second": {
          "__class__": "Location",
          "value": 37
        }
      }
    },
    "variables": [
      {
        "__class__": "AnalyzedVariable",
        "origin": {
          "__class__": "PrimitiveVariable",
          "holdsReference": false
        },
        "definedIn": {
          "__class__": "FunctionDefinition",
          "arguments": [],
          "body": {
            "__class__": "Block",
            "expressions": [
              {
                "__class__": "Block",
                "expressions": [
                  {
                    "__class__": "VariableDeclaration",
                    "type": {
                      "__class__": "Basic",
                      "identifier": "Unit",
                      "range": {
                        "__class__": "Pair",
                        "first": {
                          "__class__": "Location",
                          "value": 7
                        },
                        "second": {
                          "__class__": "Location",
                          "value": 10
                        }
                      }
                    },
                    "value": {
                      "__class__": "WhileStatement",
                      "testExpression": {
                        "__class__": "BoolLiteral",
                        "value": true,
                        "range": {
                          "__class__": "Pair",
                          "first": {
                            "__class__": "Location",
                            "value": 20
                          },
                          "second": {
                            "__class__": "Location",
                            "value": 23
                          }
                        }
                      },
                      "doExpression": {
                        "__class__": "BoolLiteral",
                        "value": false,
                        "range": {
                          "__class__": "Pair",
                          "first": {
                            "__class__": "Location",
                            "value": 31
                          },
                          "second": {
                            "__class__": "Location",
                            "value": 35
                          }
                        }
                      },
                      "range": {
                        "__class__": "Pair",
                        "first": {
                          "__class__": "Location",
                          "value": 14
                        },
                        "second": {
                          "__class__": "Location",
                          "value": 35
                        }
                      }
                    },
                    "identifier": "x",
                    "range": {
                      "__class__": "Pair",
                      "first": {
                        "__class__": "Location",
                        "value": 0
                      },
                      "second": {
                        "__class__": "Location",
                        "value": 35
                      }
                    }
                  },
                  {
                    "__class__": "Empty",
                    "range": {
                      "__class__": "Pair",
                      "first": {
                        "__class__": "Location",
                        "value": 35
                      },
                      "second": {
                        "__class__": "Location",
                        "value": 35
                      }
                    }
                  }
                ],
                "range": {
                  "__class__": "Pair",
                  "first": {
                    "__class__": "Location",
                    "value": 0
                  },
                  "second": {
                    "__class__": "Location",
                    "value": 36
                  }
                }
              },
              {
                "__class__": "ReturnStatement",
                "value": {
                  "__class__": "IntLiteral",
                  "value": 0,
                  "range": {
                    "__class__": "Pair",
                    "first": {
                      "__class__": "Location",
                      "value": 37
                    },
                    "second": {
                      "__class__": "Location",
                      "value": 37
                    }
                  }
                },
                "range": {
                  "__class__": "Pair",
                  "first": {
                    "__class__": "Location",
                    "value": 37
                  },
                  "second": {
                    "__class__": "Location",
                    "value": 37
                  }
                }
              }
            ],
            "range": {
              "__class__": "Pair",
              "first": {
                "__class__": "Location",
                "value": 0
              },
              "second": {
                "__class__": "Location",
                "value": 37
              }
            }
          },
          "type": {
            "__class__": "Functional",
            "argumentsType": [],
            "returnType": {
              "__class__": "Basic",
              "identifier": "Int",
              "range": {
                "__class__": "Pair",
                "first": {
                  "__class__": "Location",
                  "value": -1
                },
                "second": {
                  "__class__": "Location",
                  "value": -1
                }
              }
            },
            "range": {
              "__class__": "Pair",
              "first": {
                "__class__": "Location",
                "value": -1
              },
              "second": {
                "__class__": "Location",
                "value": -1
              }
            }
          },
          "returnType": {
            "__class__": "Basic",
            "identifier": "Int",
            "range": {
              "__class__": "Pair",
              "first": {
                "__class__": "Location",
                "value": -1
              },
              "second": {
                "__class__": "Location",
                "value": -1
              }
            }
          },
          "identifier": "\u003cprogram\u003e",
          "range": {
            "__class__": "Pair",
            "first": {
              "__class__": "Location",
              "value": -1
            },
            "second": {
              "__class__": "Location",
              "value": 37
            }
          }
        },
        "useType": "UNUSED"
      }
    ],
    "auxVariables": [],
    "staticDepth": 0,
    "variablesUsedInNestedFunctions": []
  }
}