{
  "__class__": "LinkedHashMap",
  "(Location(value\u003d0), Location(value\u003d43))": {
    "__class__": "AnalyzedFunction",
    "variables": [],
    "staticDepth": 0,
    "variablesUsedInNestedFunctions": []
  },
  "(Location(value\u003d46), Location(value\u003d75))": {
    "__class__": "AnalyzedFunction",
    "variables": [],
    "staticDepth": 0,
    "variablesUsedInNestedFunctions": []
  }
}